<html>
<body>
<pre>
<h1>µVision Build Log</h1>
<h2>Tool Versions:</h2>
IDE-Version: ¦ÌVision V5.24.2.0
Copyright (C) 2017 ARM Ltd and ARM Germany GmbH. All rights reserved.
License Information: NaOH 3564672683@qq.com, BASE, LIC=NQQMA-1I5AI-457T5-GIFIN-7NG0H-9HA8H
 
Tool Versions:
Toolchain:       MDK-ARM Plus  Version: 5.24.1
Toolchain Path:  D:\code_space\IDE\Keil\STM32\EXE\MDK\ARM\ARMCC\Bin
C Compiler:      Armcc.exe V5.06 update 5 (build 528)
Assembler:       Armasm.exe V5.06 update 5 (build 528)
Linker/Locator:  ArmLink.exe V5.06 update 5 (build 528)
Library Manager: ArmAr.exe V5.06 update 5 (build 528)
Hex Converter:   FromElf.exe V5.06 update 5 (build 528)
CPU DLL:         SARMCM3.DLL V5.24.1
Dialog DLL:      DARMSTM.DLL V1.68.0.0
Target DLL:      STLink\ST-LINKIII-KEIL_SWO.dll V3.0.1.0
Dialog DLL:      TCM.DLL V1.32.0.0
 
<h2>Project:</h2>
D:\code_space\IDE\Keil\STM32\FILES\car_6050_v2\LED_1.uvprojx
Project File Date:  06/04/2026

<h2>Output:</h2>
*** Using Compiler 'V5.06 update 5 (build 528)', folder: 'D:\code_space\IDE\Keil\STM32\EXE\MDK\ARM\ARMCC\Bin'
Rebuild target 'Target 1'
compiling stm32f10x_dac.c...
compiling misc.c...
compiling stm32f10x_can.c...
compiling stm32f10x_crc.c...
compiling stm32f10x_fsmc.c...
compiling stm32f10x_dbgmcu.c...
compiling stm32f10x_adc.c...
compiling stm32f10x_bkp.c...
compiling stm32f10x_i2c.c...
compiling stm32f10x_exti.c...
compiling stm32f10x_cec.c...
compiling stm32f10x_dma.c...
compiling stm32f10x_gpio.c...
compiling stm32f10x_flash.c...
compiling stm32f10x_iwdg.c...
compiling stm32f10x_pwr.c...
compiling stm32f10x_rcc.c...
compiling stm32f10x_rtc.c...
compiling stm32f10x_sdio.c...
compiling stm32f10x_spi.c...
compiling stm32f10x_wwdg.c...
compiling stm32f10x_usart.c...
compiling stm32f10x_tim.c...
compiling core_cm3.c...
assembling startup_stm32f10x_md.s...
compiling system_stm32f10x.c...
compiling stm32f10x_it.c...
compiling main.c...
.\HARDWARE\LED.h(4): warning:  #1295-D: Deprecated declaration LED_Init - give arg types
  void LED_Init();
main.c(279): warning:  #513-D: a value of type "int8_t *" cannot be assigned to an entity of type "char *"
  			pBuffer = GetUSART3TextBuffer();
main.c(299): warning:  #513-D: a value of type "int8_t *" cannot be assigned to an entity of type "char *"
  				pBuffer = GetUSART3TextBuffer();
main.c(370): warning:  #513-D: a value of type "int8_t *" cannot be assigned to an entity of type "char *"
  				pBuffer = GetUSART3TextBuffer();
main.c(387): warning:  #513-D: a value of type "int8_t *" cannot be assigned to an entity of type "char *"
  				pBuffer = GetUSART3TextBuffer();
main.c(414): warning:  #513-D: a value of type "int8_t *" cannot be assigned to an entity of type "char *"
  				pBuffer = GetUSART3TextBuffer();
main.c(271): warning:  #177-D: variable "pB"  was declared but never referenced
  	int8_t * pB = NULL;
main.c(439): warning:  #177-D: variable "SpeedCnt"  was declared but never referenced
  	static uint16_t SpeedCnt = 0;
main.c: 8 warnings, 0 errors
compiling Timers.c...
compiling Keys.c...
compiling PWMO.c...
compiling USART.c...
compiling Motors.c...
HARDWARE\Motors.c(573): warning:  #1-D: last line of file ends without a newline
  }
HARDWARE\Motors.c: 1 warning, 0 errors
compiling filter.c...
compiling _MyI2C_.c...
compiling MPU6050.c...
compiling generic.c...
compiling LED.c...
HARDWARE\LED.h(4): warning:  #1295-D: Deprecated declaration LED_Init - give arg types
  void LED_Init();
HARDWARE\LED.c: 1 warning, 0 errors
linking...
Program Size: Code=26744 RO-data=1140 RW-data=520 ZI-data=2144  
FromELF: creating hex file...
".\Objects\LED_1.axf" - 0 Error(s), 10 Warning(s).

<h2>Software Packages used:</h2>

Package Vendor: Keil
                https://www.keil.com/pack/Keil.STM32F1xx_DFP.2.4.1.pack
                Keil.STM32F1xx_DFP.2.4.1
                STMicroelectronics STM32F1 Series Device Support, Drivers and Examples

<h2>Collection of Component include folders:</h2>
  .\RTE\_Target_1
  D:\code_space\IDE\Keil\STM32\EXE\MDK\ARM\PACK\Keil\STM32F1xx_DFP\2.4.1\Device\Include

<h2>Collection of Component Files used:</h2>
Build Time Elapsed:  00:00:03
</pre>
</body>
</html>
