Component: ARM Compiler 5.06 update 5 (build 528) Tool: armlink [4d35e2]

==============================================================================

Section Cross References

    stm32f10x_adc.o(i.ADC_DeInit) refers to stm32f10x_rcc.o(i.RCC_APB2PeriphResetCmd) for RCC_APB2PeriphResetCmd
    stm32f10x_bkp.o(i.BKP_DeInit) refers to stm32f10x_rcc.o(i.RCC_BackupResetCmd) for RCC_BackupResetCmd
    stm32f10x_can.o(i.CAN_DeInit) refers to stm32f10x_rcc.o(i.RCC_APB1PeriphResetCmd) for RCC_APB1PeriphResetCmd
    stm32f10x_can.o(i.CAN_GetITStatus) refers to stm32f10x_can.o(i.CheckITStatus) for CheckITStatus
    stm32f10x_cec.o(i.CEC_DeInit) refers to stm32f10x_rcc.o(i.RCC_APB1PeriphResetCmd) for RCC_APB1PeriphResetCmd
    stm32f10x_dac.o(i.DAC_DeInit) refers to stm32f10x_rcc.o(i.RCC_APB1PeriphResetCmd) for RCC_APB1PeriphResetCmd
    stm32f10x_flash.o(i.FLASH_EnableWriteProtection) refers to stm32f10x_flash.o(i.FLASH_WaitForLastOperation) for FLASH_WaitForLastOperation
    stm32f10x_flash.o(i.FLASH_EraseAllBank1Pages) refers to stm32f10x_flash.o(i.FLASH_WaitForLastBank1Operation) for FLASH_WaitForLastBank1Operation
    stm32f10x_flash.o(i.FLASH_EraseAllPages) refers to stm32f10x_flash.o(i.FLASH_WaitForLastOperation) for FLASH_WaitForLastOperation
    stm32f10x_flash.o(i.FLASH_EraseOptionBytes) refers to stm32f10x_flash.o(i.FLASH_GetReadOutProtectionStatus) for FLASH_GetReadOutProtectionStatus
    stm32f10x_flash.o(i.FLASH_EraseOptionBytes) refers to stm32f10x_flash.o(i.FLASH_WaitForLastOperation) for FLASH_WaitForLastOperation
    stm32f10x_flash.o(i.FLASH_ErasePage) refers to stm32f10x_flash.o(i.FLASH_WaitForLastOperation) for FLASH_WaitForLastOperation
    stm32f10x_flash.o(i.FLASH_ProgramHalfWord) refers to stm32f10x_flash.o(i.FLASH_WaitForLastOperation) for FLASH_WaitForLastOperation
    stm32f10x_flash.o(i.FLASH_ProgramOptionByteData) refers to stm32f10x_flash.o(i.FLASH_WaitForLastOperation) for FLASH_WaitForLastOperation
    stm32f10x_flash.o(i.FLASH_ProgramWord) refers to stm32f10x_flash.o(i.FLASH_WaitForLastOperation) for FLASH_WaitForLastOperation
    stm32f10x_flash.o(i.FLASH_ReadOutProtection) refers to stm32f10x_flash.o(i.FLASH_WaitForLastOperation) for FLASH_WaitForLastOperation
    stm32f10x_flash.o(i.FLASH_UserOptionByteConfig) refers to stm32f10x_flash.o(i.FLASH_WaitForLastOperation) for FLASH_WaitForLastOperation
    stm32f10x_flash.o(i.FLASH_WaitForLastBank1Operation) refers to stm32f10x_flash.o(i.FLASH_GetBank1Status) for FLASH_GetBank1Status
    stm32f10x_flash.o(i.FLASH_WaitForLastOperation) refers to stm32f10x_flash.o(i.FLASH_GetBank1Status) for FLASH_GetBank1Status
    stm32f10x_gpio.o(i.GPIO_AFIODeInit) refers to stm32f10x_rcc.o(i.RCC_APB2PeriphResetCmd) for RCC_APB2PeriphResetCmd
    stm32f10x_gpio.o(i.GPIO_DeInit) refers to stm32f10x_rcc.o(i.RCC_APB2PeriphResetCmd) for RCC_APB2PeriphResetCmd
    stm32f10x_i2c.o(i.I2C_DeInit) refers to stm32f10x_rcc.o(i.RCC_APB1PeriphResetCmd) for RCC_APB1PeriphResetCmd
    stm32f10x_i2c.o(i.I2C_Init) refers to stm32f10x_rcc.o(i.RCC_GetClocksFreq) for RCC_GetClocksFreq
    stm32f10x_pwr.o(i.PWR_DeInit) refers to stm32f10x_rcc.o(i.RCC_APB1PeriphResetCmd) for RCC_APB1PeriphResetCmd
    stm32f10x_rcc.o(i.RCC_GetClocksFreq) refers to stm32f10x_rcc.o(.data) for APBAHBPrescTable
    stm32f10x_rcc.o(i.RCC_WaitForHSEStartUp) refers to stm32f10x_rcc.o(i.RCC_GetFlagStatus) for RCC_GetFlagStatus
    stm32f10x_rtc.o(i.RTC_SetAlarm) refers to stm32f10x_rtc.o(i.RTC_EnterConfigMode) for RTC_EnterConfigMode
    stm32f10x_rtc.o(i.RTC_SetAlarm) refers to stm32f10x_rtc.o(i.RTC_ExitConfigMode) for RTC_ExitConfigMode
    stm32f10x_rtc.o(i.RTC_SetCounter) refers to stm32f10x_rtc.o(i.RTC_EnterConfigMode) for RTC_EnterConfigMode
    stm32f10x_rtc.o(i.RTC_SetCounter) refers to stm32f10x_rtc.o(i.RTC_ExitConfigMode) for RTC_ExitConfigMode
    stm32f10x_rtc.o(i.RTC_SetPrescaler) refers to stm32f10x_rtc.o(i.RTC_EnterConfigMode) for RTC_EnterConfigMode
    stm32f10x_rtc.o(i.RTC_SetPrescaler) refers to stm32f10x_rtc.o(i.RTC_ExitConfigMode) for RTC_ExitConfigMode
    stm32f10x_spi.o(i.I2S_Init) refers to stm32f10x_rcc.o(i.RCC_GetClocksFreq) for RCC_GetClocksFreq
    stm32f10x_spi.o(i.SPI_I2S_DeInit) refers to stm32f10x_rcc.o(i.RCC_APB2PeriphResetCmd) for RCC_APB2PeriphResetCmd
    stm32f10x_spi.o(i.SPI_I2S_DeInit) refers to stm32f10x_rcc.o(i.RCC_APB1PeriphResetCmd) for RCC_APB1PeriphResetCmd
    stm32f10x_tim.o(i.TIM_DeInit) refers to stm32f10x_rcc.o(i.RCC_APB2PeriphResetCmd) for RCC_APB2PeriphResetCmd
    stm32f10x_tim.o(i.TIM_DeInit) refers to stm32f10x_rcc.o(i.RCC_APB1PeriphResetCmd) for RCC_APB1PeriphResetCmd
    stm32f10x_tim.o(i.TIM_ETRClockMode1Config) refers to stm32f10x_tim.o(i.TIM_ETRConfig) for TIM_ETRConfig
    stm32f10x_tim.o(i.TIM_ETRClockMode2Config) refers to stm32f10x_tim.o(i.TIM_ETRConfig) for TIM_ETRConfig
    stm32f10x_tim.o(i.TIM_ICInit) refers to stm32f10x_tim.o(i.TI1_Config) for TI1_Config
[...]
    _handle_redirection                       - Undefined Weak Reference
    _init_alloc                               - Undefined Weak Reference
    _init_user_alloc                          - Undefined Weak Reference
    _initio                                   - Undefined Weak Reference
    _printf_mbtowc                            - Undefined Weak Reference
    _printf_wc                                - Undefined Weak Reference
    _rand_init                                - Undefined Weak Reference
    _signal_finish                            - Undefined Weak Reference
    _signal_init                              - Undefined Weak Reference
    _terminate_alloc                          - Undefined Weak Reference
    _terminate_user_alloc                     - Undefined Weak Reference
    _terminateio                              - Undefined Weak Reference
    __Vectors_Size                           0x000000ec   Number         0  startup_stm32f10x_md.o ABSOLUTE
    __Vectors                                0x08000000   Data           4  startup_stm32f10x_md.o(RESET)
    __Vectors_End                            0x080000ec   Data           0  startup_stm32f10x_md.o(RESET)
    __main                                   0x080000ed   Thumb Code     8  __main.o(!!!main)
    __scatterload                            0x080000f5   Thumb Code     0  __scatter.o(!!!scatter)
    __scatterload_rt2                        0x080000f5   Thumb Code    44  __scatter.o(!!!scatter)
    __scatterload_rt2_thumb_only             0x080000f5   Thumb Code     0  __scatter.o(!!!scatter)
    __scatterload_null                       0x08000103   Thumb Code     0  __scatter.o(!!!scatter)
    __decompress                             0x08000129   Thumb Code    90  __dczerorl2.o(!!dczerorl2)
    __decompress1                            0x08000129   Thumb Code     0  __dczerorl2.o(!!dczerorl2)
    __scatterload_zeroinit                   0x08000185   Thumb Code    28  __scatter_zi.o(!!handler_zi)
    _printf_n                                0x080001a1   Thumb Code     0  _printf_n.o(.ARM.Collect$$_printf_percent$$00000001)
    _printf_percent                          0x080001a1   Thumb Code     0  _printf_percent.o(.ARM.Collect$$_printf_percent$$00000000)
    _printf_p                                0x080001a7   Thumb Code     0  _printf_p.o(.ARM.Collect$$_printf_percent$$00000002)
    _printf_f                                0x080001ad   Thumb Code     0  _printf_f.o(.ARM.Collect$$_printf_percent$$00000003)
    _printf_e                                0x080001b3   Thumb Code     0  _printf_e.o(.ARM.Collect$$_printf_percent$$00000004)
    _printf_g                                0x080001b9   Thumb Code     0  _printf_g.o(.ARM.Collect$$_printf_percent$$00000005)
    _printf_a                                0x080001bf   Thumb Code     0  _printf_a.o(.ARM.Collect$$_printf_percent$$00000006)
    _printf_ll                               0x080001c5   Thumb Code     0  _printf_ll.o(.ARM.Collect$$_printf_percent$$00000007)
    _printf_i                                0x080001cf   Thumb Code     0  _printf_i.o(.ARM.Collect$$_printf_percent$$00000008)
    _printf_d                                0x080001d5   Thumb Code     0  _printf_d.o(.ARM.Collect$$_printf_percent$$00000009)
    _printf_u                                0x080001db   Thumb Code     0  _printf_u.o(.ARM.Collect$$_printf_percent$$0000000A)
    _printf_o                                0x080001e1   Thumb Code     0  _printf_o.o(.ARM.Collect$$_printf_percent$$0000000B)
    _printf_x                                0x080001e7   Thumb Code     0  _printf_x.o(.ARM.Collect$$_printf_percent$$0000000C)
    _printf_lli                              0x080001ed   Thumb Code     0  _printf_lli.o(.ARM.Collect$$_printf_percent$$0000000D)
    _printf_lld                              0x080001f3   Thumb Code     0  _printf_lld.o(.ARM.Collect$$_printf_percent$$0000000E)
    _printf_llu                              0x080001f9   Thumb Code     0  _printf_llu.o(.ARM.Collect$$_printf_percent$$0000000F)
    _printf_llo                              0x080001ff   Thumb Code     0  _printf_llo.o(.ARM.Collect$$_printf_percent$$00000010)
    _printf_llx                              0x08000205   Thumb Code     0  _printf_llx.o(.ARM.Collect$$_printf_percent$$00000011)
    _printf_l                                0x0800020b   Thumb Code     0  _printf_l.o(.ARM.Collect$$_printf_percent$$00000012)
    _printf_c                                0x08000215   Thumb Code     0  _printf_c.o(.ARM.Collect$$_printf_percent$$00000013)
    _printf_s                                0x0800021b   Thumb Code     0  _printf_s.o(.ARM.Collect$$_printf_percent$$00000014)
    _printf_lc                               0x08000221   Thumb Code     0  _printf_lc.o(.ARM.Collect$$_printf_percent$$00000015)
    _printf_ls                               0x08000227   Thumb Code     0  _printf_ls.o(.ARM.Collect$$_printf_percent$$00000016)
    _printf_percent_end                      0x0800022d   Thumb Code     0  _printf_percent_end.o(.ARM.Collect$$_printf_percent$$00000017)
    __rt_lib_init                            0x08000231   Thumb Code     0  libinit.o(.ARM.Collect$$libinit$$00000000)
    __rt_lib_init_fp_1                       0x08000233   Thumb Code     0  libinit2.o(.ARM.Collect$$libinit$$00000002)
    __rt_lib_init_heap_1                     0x08000233   Thumb Code     0  libinit2.o(.ARM.Collect$$libinit$$0000000A)
    __rt_lib_init_lc_common                  0x08000233   Thumb Code     0  libinit2.o(.ARM.Collect$$libinit$$0000000F)
    __rt_lib_init_preinit_1                  0x08000233   Thumb Code     0  libinit2.o(.ARM.Collect$$libinit$$00000004)
    __rt_lib_init_rand_1                     0x08000233   Thumb Code     0  libinit2.o(.ARM.Collect$$libinit$$0000000E)
    __rt_lib_init_user_alloc_1               0x08000233   Thumb Code     0  libinit2.o(.ARM.Collect$$libinit$$0000000C)
    __rt_lib_init_lc_collate_1               0x08000239   Thumb Code     0  libinit2.o(.ARM.Collect$$libinit$$00000011)
    __rt_lib_init_lc_ctype_2                 0x08000239   Thumb Code     0  libinit2.o(.ARM.Collect$$libinit$$00000012)
    __rt_lib_init_lc_ctype_1                 0x08000245   Thumb Code     0  libinit2.o(.ARM.Collect$$libinit$$00000013)
    __rt_lib_init_lc_monetary_1              0x08000245   Thumb Code     0  libinit2.o(.ARM.Collect$$libinit$$00000015)
    __rt_lib_init_lc_numeric_2               0x08000245   Thumb Code     0  libinit2.o(.ARM.Collect$$libinit$$00000016)
    __rt_lib_init_alloca_1                   0x0800024f   Thumb Code     0  libinit2.o(.ARM.Collect$$libinit$$0000002E)
    __rt_lib_init_argv_1                     0x0800024f   Thumb Code     0  libinit2.o(.ARM.Collect$$libinit$$0000002C)
    __rt_lib_init_atexit_1                   0x0800024f   Thumb Code     0  libinit2.o(.ARM.Collect$$libinit$$0000001B)
    __rt_lib_init_clock_1                    0x0800024f   Thumb Code     0  libinit2.o(.ARM.Collect$$libinit$$00000021)
    __rt_lib_init_cpp_1                      0x0800024f   Thumb Code     0  libinit2.o(.ARM.Collect$$libinit$$00000032)
    __rt_lib_init_exceptions_1               0x0800024f   Thumb Code     0  libinit2.o(.ARM.Collect$$libinit$$00000030)
    __rt_lib_init_fp_trap_1                  0x0800024f   Thumb Code     0  libinit2.o(.ARM.Collect$$libinit$$0000001F)
    __rt_lib_init_getenv_1                   0x0800024f   Thumb Code     0  libinit2.o(.ARM.Collect$$libinit$$00000023)
    __rt_lib_init_lc_numeric_1               0x0800024f   Thumb Code     0  libinit2.o(.ARM.Collect$$libinit$$00000017)
    __rt_lib_init_lc_time_1                  0x0800024f   Thumb Code     0  libinit2.o(.ARM.Collect$$libinit$$00000019)
    __rt_lib_init_return                     0x0800024f   Thumb Code     0  libinit2.o(.ARM.Collect$$libinit$$00000033)
    __rt_lib_init_signal_1                   0x0800024f   Thumb Code     0  libinit2.o(.ARM.Collect$$libinit$$0000001D)
    __rt_lib_init_stdio_1                    0x0800024f   Thumb Code     0  libinit2.o(.ARM.Collect$$libinit$$00000025)
    __rt_lib_shutdown                        0x08000251   Thumb Code     0  libshutdown.o(.ARM.Collect$$libshutdown$$00000000)
    __rt_lib_shutdown_cpp_1                  0x08000253   Thumb Code     0  libshutdown2.o(.ARM.Collect$$libshutdown$$00000002)
    __rt_lib_shutdown_fp_trap_1              0x08000253   Thumb Code     0  libshutdown2.o(.ARM.Collect$$libshutdown$$00000007)
    __rt_lib_shutdown_heap_1                 0x08000253   Thumb Code     0  libshutdown2.o(.ARM.Collect$$libshutdown$$0000000F)
    __rt_lib_shutdown_return                 0x08000253   Thumb Code     0  libshutdown2.o(.ARM.Collect$$libshutdown$$00000010)
    __rt_lib_shutdown_signal_1               0x08000253   Thumb Code     0  libshutdown2.o(.ARM.Collect$$libshutdown$$0000000A)
    __rt_lib_shutdown_stdio_1                0x08000253   Thumb Code     0  libshutdown2.o(.ARM.Collect$$libshutdown$$00000004)
    __rt_lib_shutdown_user_alloc_1           0x08000253   Thumb Code     0  libshutdown2.o(.ARM.Collect$$libshutdown$$0000000C)
    __rt_entry                               0x08000255   Thumb Code     0  __rtentry.o(.ARM.Collect$$rtentry$$00000000)
    __rt_entry_presh_1                       0x08000255   Thumb Code     0  __rtentry2.o(.ARM.Collect$$rtentry$$00000002)
    __rt_entry_sh                            0x08000255   Thumb Code     0  __rtentry4.o(.ARM.Collect$$rtentry$$00000004)
    __rt_entry_li                            0x0800025b   Thumb Code     0  __rtentry2.o(.ARM.Collect$$rtentry$$0000000A)
    __rt_entry_postsh_1                      0x0800025b   Thumb Code     0  __rtentry2.o(.ARM.Collect$$rtentry$$00000009)
    __rt_entry_main                          0x0800025f   Thumb Code     0  __rtentry2.o(.ARM.Collect$$rtentry$$0000000D)
    __rt_entry_postli_1                      0x0800025f   Thumb Code     0  __rtentry2.o(.ARM.Collect$$rtentry$$0000000C)
    __rt_exit                                0x08000267   Thumb Code     0  rtexit.o(.ARM.Collect$$rtexit$$00000000)
    __rt_exit_ls                             0x08000269   Thumb Code     0  rtexit2.o(.ARM.Collect$$rtexit$$00000003)
    __rt_exit_prels_1                        0x08000269   Thumb Code     0  rtexit2.o(.ARM.Collect$$rtexit$$00000002)
    __rt_exit_exit                           0x0800026d   Thumb Code     0  rtexit2.o(.ARM.Collect$$rtexit$$00000004)
    Reset_Handler                            0x08000275   Thumb Code     8  startup_stm32f10x_md.o(.text)
    ADC1_2_IRQHandler                        0x0800028f   Thumb Code     0  startup_stm32f10x_md.o(.text)
    CAN1_RX1_IRQHandler                      0x0800028f   Thumb Code     0  startup_stm32f10x_md.o(.text)
    CAN1_SCE_IRQHandler                      0x0800028f   Thumb Code     0  startup_stm32f10x_md.o(.text)
    DMA1_Channel1_IRQHandler                 0x0800028f   Thumb Code     0  startup_stm32f10x_md.o(.text)
    DMA1_Channel2_IRQHandler                 0x0800028f   Thumb Code     0  startup_stm32f10x_md.o(.text)
    DMA1_Channel3_IRQHandler                 0x0800028f   Thumb Code     0  startup_stm32f10x_md.o(.text)
    DMA1_Channel4_IRQHandler                 0x0800028f   Thumb Code     0  startup_stm32f10x_md.o(.text)
    DMA1_Channel5_IRQHandler                 0x0800028f   Thumb Code     0  startup_stm32f10x_md.o(.text)
    DMA1_Channel6_IRQHandler                 0x0800028f   Thumb Code     0  startup_stm32f10x_md.o(.text)
    DMA1_Channel7_IRQHandler                 0x0800028f   Thumb Code     0  startup_stm32f10x_md.o(.text)
    EXTI0_IRQHandler                         0x0800028f   Thumb Code     0  startup_stm32f10x_md.o(.text)
    EXTI15_10_IRQHandler                     0x0800028f   Thumb Code     0  startup_stm32f10x_md.o(.text)
    EXTI1_IRQHandler                         0x0800028f   Thumb Code     0  startup_stm32f10x_md.o(.text)
    EXTI2_IRQHandler                         0x0800028f   Thumb Code     0  startup_stm32f10x_md.o(.text)
    EXTI3_IRQHandler                         0x0800028f   Thumb Code     0  startup_stm32f10x_md.o(.text)
    EXTI4_IRQHandler                         0x0800028f   Thumb Code     0  startup_stm32f10x_md.o(.text)
    EXTI9_5_IRQHandler                       0x0800028f   Thumb Code     0  startup_stm32f10x_md.o(.text)
    FLASH_IRQHandler                         0x0800028f   Thumb Code     0  startup_stm32f10x_md.o(.text)
    I2C1_ER_IRQHandler                       0x0800028f   Thumb Code     0  startup_stm32f10x_md.o(.text)
    I2C1_EV_IRQHandler                       0x0800028f   Thumb Code     0  startup_stm32f10x_md.o(.text)
    I2C2_ER_IRQHandler                       0x0800028f   Thumb Code     0  startup_stm32f10x_md.o(.text)
    I2C2_EV_IRQHandler                       0x0800028f   Thumb Code     0  startup_stm32f10x_md.o(.text)
    PVD_IRQHandler                           0x0800028f   Thumb Code     0  startup_stm32f10x_md.o(.text)
    RCC_IRQHandler                           0x0800028f   Thumb Code     0  startup_stm32f10x_md.o(.text)
    RTCAlarm_IRQHandler                      0x0800028f   Thumb Code     0  startup_stm32f10x_md.o(.text)
    RTC_IRQHandler                           0x0800028f   Thumb Code     0  startup_stm32f10x_md.o(.text)
    SPI1_IRQHandler                          0x0800028f   Thumb Code     0  startup_stm32f10x_md.o(.text)
    SPI2_IRQHandler                          0x0800028f   Thumb Code     0  startup_stm32f10x_md.o(.text)
    TAMPER_IRQHandler                        0x0800028f   Thumb Code     0  startup_stm32f10x_md.o(.text)
    TIM1_BRK_IRQHandler                      0x0800028f   Thumb Code     0  startup_stm32f10x_md.o(.text)
    TIM1_CC_IRQHandler                       0x0800028f   Thumb Code     0  startup_stm32f10x_md.o(.text)
    TIM1_TRG_COM_IRQHandler                  0x0800028f   Thumb Code     0  startup_stm32f10x_md.o(.text)
    TIM1_UP_IRQHandler                       0x0800028f   Thumb Code     0  startup_stm32f10x_md.o(.text)
    TIM2_IRQHandler                          0x0800028f   Thumb Code     0  startup_stm32f10x_md.o(.text)
    TIM3_IRQHandler                          0x0800028f   Thumb Code     0  startup_stm32f10x_md.o(.text)
    TIM4_IRQHandler                          0x0800028f   Thumb Code     0  startup_stm32f10x_md.o(.text)
    USART1_IRQHandler                        0x0800028f   Thumb Code     0  startup_stm32f10x_md.o(.text)
    USART2_IRQHandler                        0x0800028f   Thumb Code     0  startup_stm32f10x_md.o(.text)
    USBWakeUp_IRQHandler                     0x0800028f   Thumb Code     0  startup_stm32f10x_md.o(.text)
    USB_HP_CAN1_TX_IRQHandler                0x0800028f   Thumb Code     0  startup_stm32f10x_md.o(.text)
    USB_LP_CAN1_RX0_IRQHandler               0x0800028f   Thumb Code     0  startup_stm32f10x_md.o(.text)
    WWDG_IRQHandler                          0x0800028f   Thumb Code     0  startup_stm32f10x_md.o(.text)
    __user_initial_stackheap                 0x08000291   Thumb Code     0  startup_stm32f10x_md.o(.text)
    vsnprintf                                0x080002b5   Thumb Code    48  vsnprintf.o(.text)
    strncmp                                  0x080002e9   Thumb Code   150  strncmp.o(.text)
    strcmp                                   0x08000381   Thumb Code   128  strcmpv7m.o(.text)
    __use_two_region_memory                  0x08000401   Thumb Code     2  heapauxi.o(.text)
    __rt_heap_escrow$2region                 0x08000403   Thumb Code     2  heapauxi.o(.text)
    __rt_heap_expand$2region                 0x08000405   Thumb Code     2  heapauxi.o(.text)
    __read_errno                             0x08000407   Thumb Code    10  _rserrno.o(.text)
    __set_errno                              0x08000411   Thumb Code    12  _rserrno.o(.text)
    _printf_pre_padding                      0x0800041d   Thumb Code    44  _printf_pad.o(.text)
    _printf_post_padding                     0x08000449   Thumb Code    34  _printf_pad.o(.text)
    _printf_truncate_signed                  0x0800046b   Thumb Code    18  _printf_truncate.o(.text)
    _printf_truncate_unsigned                0x0800047d   Thumb Code    18  _printf_truncate.o(.text)
    _printf_str                              0x0800048f   Thumb Code    82  _printf_str.o(.text)
    _printf_int_dec                          0x080004e1   Thumb Code   104  _printf_dec.o(.text)
    _printf_charcount                        0x08000559   Thumb Code    40  _printf_charcount.o(.text)
    _printf_char_common                      0x0800058b   Thumb Code    32  _printf_char_common.o(.text)
    _sputc                                   0x080005b1   Thumb Code    10  _sputc.o(.text)
    _snputc                                  0x080005bb   Thumb Code    16  _snputc.o(.text)
    _printf_wctomb                           0x080005cd   Thumb Code   182  _printf_wctomb.o(.text)
    _printf_longlong_dec                     0x08000689   Thumb Code   108  _printf_longlong_dec.o(.text)
    _printf_longlong_oct                     0x08000705   Thumb Code    66  _printf_oct_int_ll.o(.text)
    _printf_int_oct                          0x08000747   Thumb Code    24  _printf_oct_int_ll.o(.text)
    _printf_ll_oct                           0x0800075f   Thumb Code    12  _printf_oct_int_ll.o(.text)
    _printf_longlong_hex                     0x08000775   Thumb Code    86  _printf_hex_int_ll_ptr.o(.text)
    _printf_int_hex                          0x080007cb   Thumb Code    28  _printf_hex_int_ll_ptr.o(.text)
    _printf_ll_hex                           0x080007e7   Thumb Code    12  _printf_hex_int_ll_ptr.o(.text)
    _printf_hex_ptr                          0x080007f3   Thumb Code    18  _printf_hex_int_ll_ptr.o(.text)
    __printf                                 0x08000809   Thumb Code   388  __printf_flags_ss_wp.o(.text)
    __aeabi_errno_addr                       0x08000991   Thumb Code     8  rt_errno_addr_intlibspace.o(.text)
    __errno$intlibspace                      0x08000991   Thumb Code     0  rt_errno_addr_intlibspace.o(.text)
    __rt_errno_addr$intlibspace              0x08000991   Thumb Code     0  rt_errno_addr_intlibspace.o(.text)
    _ll_udiv10                               0x08000999   Thumb Code   138  lludiv10.o(.text)
    _printf_int_common                       0x08000a23   Thumb Code   178  _printf_intcommon.o(.text)
    __lib_sel_fp_printf                      0x08000ad5   Thumb Code     2  _printf_fp_dec.o(.text)
    _printf_fp_dec_real                      0x08000c87   Thumb Code   620  _printf_fp_dec.o(.text)
    _printf_fp_hex_real                      0x08000ef5   Thumb Code   756  _printf_fp_hex.o(.text)
    _printf_cs_common                        0x080011f1   Thumb Code    20  _printf_char.o(.text)
    _printf_char                             0x08001205   Thumb Code    16  _printf_char.o(.text)
    _printf_string                           0x08001215   Thumb Code     8  _printf_char.o(.text)
    _printf_lcs_common                       0x0800121d   Thumb Code    20  _printf_wchar.o(.text)
    _printf_wchar                            0x08001231   Thumb Code    16  _printf_wchar.o(.text)
    _printf_wstring                          0x08001241   Thumb Code     8  _printf_wchar.o(.text)
    _wcrtomb                                 0x08001249   Thumb Code    64  _wcrtomb.o(.text)
    __user_libspace                          0x08001289   Thumb Code     8  libspace.o(.text)
    __user_perproc_libspace                  0x08001289   Thumb Code     0  libspace.o(.text)
    __user_perthread_libspace                0x08001289   Thumb Code     0  libspace.o(.text)
    __user_setup_stackheap                   0x08001291   Thumb Code    74  sys_stackheap_outer.o(.text)
    __rt_ctype_table                         0x080012dd   Thumb Code    16  rt_ctype_table.o(.text)
    __rt_locale                              0x080012ed   Thumb Code     8  rt_locale_intlibspace.o(.text)
    _printf_fp_infnan                        0x080012f5   Thumb Code   112  _printf_fp_infnan.o(.text)
    _btod_etento                             0x08001375   Thumb Code   224  bigflt0.o(.text)
    exit                                     0x08001459   Thumb Code    18  exit.o(.text)
    _sys_exit                                0x0800146d   Thumb Code     8  sys_exit.o(.text)
    __I$use$semihosting                      0x08001479   Thumb Code     0  use_no_semi.o(.text)
    __use_no_semihosting_swi                 0x08001479   Thumb Code     2  use_no_semi.o(.text)
    __semihosting_library_function           0x0800147b   Thumb Code     0  indicate_semi.o(.text)
    _btod_d2e                                0x0800147b   Thumb Code    62  btod.o(CL$$btod_d2e)
    _d2e_denorm_low                          0x080014b9   Thumb Code    70  btod.o(CL$$btod_d2e_denorm_low)
    _d2e_norm_op1                            0x080014ff   Thumb Code    96  btod.o(CL$$btod_d2e_norm_op1)
    __btod_div_common                        0x0800155f   Thumb Code   696  btod.o(CL$$btod_div_common)
    _e2e                                     0x08001897   Thumb Code   220  btod.o(CL$$btod_e2e)
    _btod_ediv                               0x08001973   Thumb Code    42  btod.o(CL$$btod_ediv)
    _btod_emul                               0x0800199d   Thumb Code    42  btod.o(CL$$btod_emul)
    __btod_mult_common                       0x080019c7   Thumb Code   580  btod.o(CL$$btod_mult_common)
    BusFault_Handler                         0x08001c0b   Thumb Code     4  stm32f10x_it.o(i.BusFault_Handler)
    DebugMon_Handler                         0x08001c0f   Thumb Code     2  stm32f10x_it.o(i.DebugMon_Handler)
    Delay_ms                                 0x08001c11   Thumb Code    24  generic.o(i.Delay_ms)
    Delay_us                                 0x08001c29   Thumb Code    52  generic.o(i.Delay_us)
    ExDirect                                 0x08001c5d   Thumb Code   108  main.o(i.ExDirect)
    GPIO_Init                                0x08001cd9   Thumb Code   278  stm32f10x_gpio.o(i.GPIO_Init)
    GPIO_PinRemapConfig                      0x08001df1   Thumb Code   138  stm32f10x_gpio.o(i.GPIO_PinRemapConfig)
    GPIO_ReadInputDataBit                    0x08001e81   Thumb Code    18  stm32f10x_gpio.o(i.GPIO_ReadInputDataBit)
    GPIO_ResetBits                           0x08001e93   Thumb Code     4  stm32f10x_gpio.o(i.GPIO_ResetBits)
    GPIO_SetBits                             0x08001e97   Thumb Code     4  stm32f10x_gpio.o(i.GPIO_SetBits)
    GPIO_WriteBit                            0x08001e9b   Thumb Code    10  stm32f10x_gpio.o(i.GPIO_WriteBit)
    GetUSART3RXTState                        0x08001ea5   Thumb Code    22  usart.o(i.GetUSART3RXTState)
    GetUSART3TextBuffer                      0x08001ec1   Thumb Code     4  usart.o(i.GetUSART3TextBuffer)
    GetlEncoder                              0x08001ec9   Thumb Code    12  motors.o(i.GetlEncoder)
    GetrEncoder                              0x08001ed9   Thumb Code    12  motors.o(i.GetrEncoder)
    HardFault_Handler                        0x08001ee9   Thumb Code     4  stm32f10x_it.o(i.HardFault_Handler)
    HeadingPID_Reset                         0x08001eed   Thumb Code    26  motors.o(i.HeadingPID_Reset)
    InitAll                                  0x08001f0d   Thumb Code    44  motors.o(i.InitAll)
    KalmanFilter_Init                        0x08001f55   Thumb Code    14  filter.o(i.KalmanFilter_Init)
    KalmanFilter_Update                      0x08001f63   Thumb Code    90  filter.o(i.KalmanFilter_Update)
    LED_Init                                 0x08001fbd   Thumb Code    66  led.o(i.LED_Init)
    MPU6050_Get_Angle                        0x08002005   Thumb Code   588  mpu6050.o(i.MPU6050_Get_Angle)
    MPU6050_init                             0x080026e5   Thumb Code   204  mpu6050.o(i.MPU6050_init)
    MYI2C_Read_Reg_Continue                  0x080027d9   Thumb Code   138  _myi2c_.o(i.MYI2C_Read_Reg_Continue)
    MYI2C_Write_Reg                          0x08002869   Thumb Code    76  _myi2c_.o(i.MYI2C_Write_Reg)
    MemManage_Handler                        0x080028b9   Thumb Code     4  stm32f10x_it.o(i.MemManage_Handler)
    MotorEnCoder_Init                        0x080028bd   Thumb Code   238  motors.o(i.MotorEnCoder_Init)
    Motor_Init                               0x080029c1   Thumb Code   180  motors.o(i.Motor_Init)
    MyI2C_Init                               0x08002a7d   Thumb Code   248  _myi2c_.o(i.MyI2C_Init)
    NMI_Handler                              0x08002b95   Thumb Code     2  stm32f10x_it.o(i.NMI_Handler)
    NVIC_Init                                0x08002b99   Thumb Code   100  misc.o(i.NVIC_Init)
    NVIC_PriorityGroupConfig                 0x08002c09   Thumb Code    10  misc.o(i.NVIC_PriorityGroupConfig)
    Odometry_Reset                           0x08002c1d   Thumb Code    18  motors.o(i.Odometry_Reset)
    Odometry_Update                          0x08002c39   Thumb Code   202  motors.o(i.Odometry_Update)
    PID_Init                                 0x08002d11   Thumb Code    22  motors.o(i.PID_Init)
    PID_Speed                                0x08002d29   Thumb Code   490  motors.o(i.PID_Speed)
    PT1Filter_Apply                          0x08002f4d   Thumb Code    60  filter.o(i.PT1Filter_Apply)
    PT1Filter_Init                           0x08002f89   Thumb Code    40  filter.o(i.PT1Filter_Init)
    PT1Filter_InitWithFreq                   0x08002fb1   Thumb Code    46  filter.o(i.PT1Filter_InitWithFreq)
    PendSV_Handler                           0x08002fe5   Thumb Code     2  stm32f10x_it.o(i.PendSV_Handler)
    RCC_APB1PeriphClockCmd                   0x08002fe9   Thumb Code    26  stm32f10x_rcc.o(i.RCC_APB1PeriphClockCmd)
    RCC_APB2PeriphClockCmd                   0x08003009   Thumb Code    26  stm32f10x_rcc.o(i.RCC_APB2PeriphClockCmd)
    RCC_GetClocksFreq                        0x08003029   Thumb Code   192  stm32f10x_rcc.o(i.RCC_GetClocksFreq)
    SVC_Handler                              0x080030fd   Thumb Code     2  stm32f10x_it.o(i.SVC_Handler)
    ServoPWM_Init                            0x08003101   Thumb Code   154  pwmo.o(i.ServoPWM_Init)
    SetLED                                   0x080031a1   Thumb Code    28  led.o(i.SetLED)
    SetLEDs                                  0x080031c1   Thumb Code    90  led.o(i.SetLEDs)
    SetServoRotation                         0x0800321d   Thumb Code    52  pwmo.o(i.SetServoRotation)
    SetSpeedRank                             0x0800325d   Thumb Code    30  main.o(i.SetSpeedRank)
    Set_Straight                             0x0800336d   Thumb Code    34  main.o(i.Set_Straight)
    SoftReset                                0x080033a5   Thumb Code    52  main.o(i.SoftReset)
    SpeedAcc                                 0x080033e1   Thumb Code    88  main.o(i.SpeedAcc)
    SpeedSlowDown                            0x08003441   Thumb Code    86  main.o(i.SpeedSlowDown)
    Speed_Init                               0x080034a1   Thumb Code    10  motors.o(i.Speed_Init)
    SysTick_Handler                          0x080034ad   Thumb Code   224  main.o(i.SysTick_Handler)
    SysTick_Init                             0x080035d1   Thumb Code    54  timers.o(i.SysTick_Init)
    SystemInit                               0x08003615   Thumb Code    78  system_stm32f10x.o(i.SystemInit)
    TIM_ClearITPendingBit                    0x080038b5   Thumb Code     6  stm32f10x_tim.o(i.TIM_ClearITPendingBit)
    TIM_Cmd                                  0x080038bb   Thumb Code    24  stm32f10x_tim.o(i.TIM_Cmd)
    TIM_CtrlPWMOutputs                       0x080038d3   Thumb Code    30  stm32f10x_tim.o(i.TIM_CtrlPWMOutputs)
    TIM_EncoderInterfaceConfig               0x080038f1   Thumb Code    66  stm32f10x_tim.o(i.TIM_EncoderInterfaceConfig)
    TIM_GetCounter                           0x08003933   Thumb Code     6  stm32f10x_tim.o(i.TIM_GetCounter)
    TIM_ICInit                               0x08003939   Thumb Code   150  stm32f10x_tim.o(i.TIM_ICInit)
    TIM_ICStructInit                         0x080039e5   Thumb Code    18  stm32f10x_tim.o(i.TIM_ICStructInit)
    TIM_InternalClockConfig                  0x080039f7   Thumb Code    12  stm32f10x_tim.o(i.TIM_InternalClockConfig)
    TIM_OC1Init                              0x08003a05   Thumb Code   132  stm32f10x_tim.o(i.TIM_OC1Init)
    TIM_OC2Init                              0x08003a9d   Thumb Code   154  stm32f10x_tim.o(i.TIM_OC2Init)
    TIM_OC3Init                              0x08003b41   Thumb Code   150  stm32f10x_tim.o(i.TIM_OC3Init)
    TIM_OC4Init                              0x08003be1   Thumb Code   114  stm32f10x_tim.o(i.TIM_OC4Init)
    TIM_OCStructInit                         0x08003c5d   Thumb Code    20  stm32f10x_tim.o(i.TIM_OCStructInit)
    TIM_SetCompare1                          0x08003c71   Thumb Code     4  stm32f10x_tim.o(i.TIM_SetCompare1)
    TIM_SetCompare2                          0x08003c75   Thumb Code     4  stm32f10x_tim.o(i.TIM_SetCompare2)
    TIM_SetCompare3                          0x08003c79   Thumb Code     4  stm32f10x_tim.o(i.TIM_SetCompare3)
    TIM_SetCompare4                          0x08003c7d   Thumb Code     6  stm32f10x_tim.o(i.TIM_SetCompare4)
    TIM_SetCounter                           0x08003c83   Thumb Code     4  stm32f10x_tim.o(i.TIM_SetCounter)
    TIM_SetIC1Prescaler                      0x08003c87   Thumb Code    18  stm32f10x_tim.o(i.TIM_SetIC1Prescaler)
    TIM_SetIC2Prescaler                      0x08003c99   Thumb Code    26  stm32f10x_tim.o(i.TIM_SetIC2Prescaler)
    TIM_SetIC3Prescaler                      0x08003cb3   Thumb Code    18  stm32f10x_tim.o(i.TIM_SetIC3Prescaler)
    TIM_SetIC4Prescaler                      0x08003cc5   Thumb Code    26  stm32f10x_tim.o(i.TIM_SetIC4Prescaler)
    TIM_TimeBaseInit                         0x08003ce1   Thumb Code   122  stm32f10x_tim.o(i.TIM_TimeBaseInit)
    USART3_IRQHandler                        0x08003d85   Thumb Code   124  usart.o(i.USART3_IRQHandler)
    USART3_Init                              0x08003e19   Thumb Code   188  usart.o(i.USART3_Init)
    USART3_SendByte                          0x08003edd   Thumb Code    28  usart.o(i.USART3_SendByte)
    USART3_SendString                        0x08003efd   Thumb Code    24  usart.o(i.USART3_SendString)
    USART3_printf                            0x08003f15   Thumb Code    38  usart.o(i.USART3_printf)
    USART_ClearITPendingBit                  0x08003f3b   Thumb Code    30  stm32f10x_usart.o(i.USART_ClearITPendingBit)
    USART_Cmd                                0x08003f59   Thumb Code    24  stm32f10x_usart.o(i.USART_Cmd)
    USART_GetFlagStatus                      0x08003f71   Thumb Code    26  stm32f10x_usart.o(i.USART_GetFlagStatus)
    USART_GetITStatus                        0x08003f8b   Thumb Code    84  stm32f10x_usart.o(i.USART_GetITStatus)
    USART_ITConfig                           0x08003fdf   Thumb Code    74  stm32f10x_usart.o(i.USART_ITConfig)
    USART_Init                               0x08004029   Thumb Code   210  stm32f10x_usart.o(i.USART_Init)
    USART_ReadByte                           0x08004101   Thumb Code    28  usart.o(i.USART_ReadByte)
    USART_ReceiveData                        0x08004121   Thumb Code    10  stm32f10x_usart.o(i.USART_ReceiveData)
    USART_SendData                           0x0800412b   Thumb Code     8  stm32f10x_usart.o(i.USART_SendData)
    UsageFault_Handler                       0x08004133   Thumb Code     4  stm32f10x_it.o(i.UsageFault_Handler)
    __ARM_fpclassify                         0x080041fd   Thumb Code    40  fpclassify.o(i.__ARM_fpclassify)
    __ARM_fpclassifyf                        0x08004225   Thumb Code    38  fpclassifyf.o(i.__ARM_fpclassifyf)
    __kernel_poly                            0x0800424b   Thumb Code   170  poly.o(i.__kernel_poly)
    __mathlib_dbl_infnan                     0x080042f5   Thumb Code     6  dunder.o(i.__mathlib_dbl_infnan)
    __mathlib_dbl_infnan2                    0x080042fb   Thumb Code     4  dunder.o(i.__mathlib_dbl_infnan2)
    __mathlib_dbl_underflow                  0x08004301   Thumb Code    10  dunder.o(i.__mathlib_dbl_underflow)
    __mathlib_flt_infnan                     0x08004311   Thumb Code     6  funder.o(i.__mathlib_flt_infnan)
    __mathlib_flt_invalid                    0x08004317   Thumb Code     8  funder.o(i.__mathlib_flt_invalid)
    __mathlib_flt_underflow                  0x0800431f   Thumb Code    10  funder.o(i.__mathlib_flt_underflow)
    __mathlib_rredf2                         0x08004329   Thumb Code   344  rredf.o(i.__mathlib_rredf2)
    _is_digit                                0x08004491   Thumb Code    14  __printf_wp.o(i._is_digit)
    atan                                     0x080044a1   Thumb Code   474  atan.o(i.atan)
    atan2                                    0x080046c1   Thumb Code   346  atan2.o(i.atan2)
    cosf                                     0x08004841   Thumb Code   328  cosf.o(i.cosf)
    keep_straight                            0x08004a41   Thumb Code   578  main.o(i.keep_straight)
    lSetSpeed                                0x08004cb9   Thumb Code    46  motors.o(i.lSetSpeed)
    main                                     0x08004ced   Thumb Code  1508  main.o(i.main)
    rSetSpeed                                0x08005315   Thumb Code    46  motors.o(i.rSetSpeed)
    sinf                                     0x08005349   Thumb Code   338  sinf.o(i.sinf)
    sqrt                                     0x080054d1   Thumb Code    76  sqrt.o(i.sqrt)
    _get_lc_numeric                          0x0800551d   Thumb Code    44  lc_numeric_c.o(locale$$code)
    _get_lc_ctype                            0x08005549   Thumb Code    44  lc_ctype_c.o(locale$$code)
    __aeabi_d2f                              0x08005575   Thumb Code     0  d2f.o(x$fpl$d2f)
    _d2f                                     0x08005575   Thumb Code    98  d2f.o(x$fpl$d2f)
    __aeabi_dadd                             0x080055d9   Thumb Code     0  daddsub_clz.o(x$fpl$dadd)
    _dadd                                    0x080055d9   Thumb Code   332  daddsub_clz.o(x$fpl$dadd)
    __fpl_dcheck_NaN1                        0x08005729   Thumb Code    10  dcheck1.o(x$fpl$dcheck1)
    __fpl_dcmp_Inf                           0x08005739   Thumb Code    24  dcmpi.o(x$fpl$dcmpinf)
    __aeabi_ddiv                             0x08005751   Thumb Code     0  ddiv.o(x$fpl$ddiv)
    _ddiv                                    0x08005751   Thumb Code   552  ddiv.o(x$fpl$ddiv)
    __aeabi_i2d                              0x08005a01   Thumb Code     0  dflt_clz.o(x$fpl$dflt)
    _dflt                                    0x08005a01   Thumb Code    46  dflt_clz.o(x$fpl$dflt)
    __aeabi_cdcmple                          0x08005a31   Thumb Code     0  dleqf.o(x$fpl$dleqf)
    _dcmple                                  0x08005a31   Thumb Code   120  dleqf.o(x$fpl$dleqf)
    __fpl_dcmple_InfNaN                      0x08005a93   Thumb Code     0  dleqf.o(x$fpl$dleqf)
    __aeabi_dmul                             0x08005aa9   Thumb Code     0  dmul.o(x$fpl$dmul)
    _dmul                                    0x08005aa9   Thumb Code   332  dmul.o(x$fpl$dmul)
    __fpl_dnaninf                            0x08005bfd   Thumb Code   156  dnaninf.o(x$fpl$dnaninf)
    __fpl_dretinf                            0x08005c99   Thumb Code    12  dretinf.o(x$fpl$dretinf)
    __aeabi_cdrcmple                         0x08005ca5   Thumb Code     0  drleqf.o(x$fpl$drleqf)
    _drcmple                                 0x08005ca5   Thumb Code   108  drleqf.o(x$fpl$drleqf)
    __aeabi_drsub                            0x08005d11   Thumb Code     0  daddsub_clz.o(x$fpl$drsb)
    _drsb                                    0x08005d11   Thumb Code    22  daddsub_clz.o(x$fpl$drsb)
    _dsqrt                                   0x08005d29   Thumb Code   456  dsqrt_noumaal.o(x$fpl$dsqrt)
    __aeabi_dsub                             0x08005ef5   Thumb Code     0  daddsub_clz.o(x$fpl$dsub)
    _dsub                                    0x08005ef5   Thumb Code   464  daddsub_clz.o(x$fpl$dsub)
    __aeabi_f2d                              0x080060c9   Thumb Code     0  f2d.o(x$fpl$f2d)
    _f2d                                     0x080060c9   Thumb Code    86  f2d.o(x$fpl$f2d)
    __aeabi_fadd                             0x08006121   Thumb Code     0  faddsub_clz.o(x$fpl$fadd)
    _fadd                                    0x08006121   Thumb Code   196  faddsub_clz.o(x$fpl$fadd)
    __fpl_fcheck_NaN1                        0x080061e5   Thumb Code     6  fcheck1.o(x$fpl$fcheck1)
    __fpl_fcmp_Inf                           0x080061f1   Thumb Code    24  fcmpi.o(x$fpl$fcmpinf)
    __aeabi_fdiv                             0x08006209   Thumb Code     0  fdiv.o(x$fpl$fdiv)
    _fdiv                                    0x08006209   Thumb Code   384  fdiv.o(x$fpl$fdiv)
    __aeabi_f2iz                             0x0800638d   Thumb Code     0  ffix.o(x$fpl$ffix)
    _ffix                                    0x0800638d   Thumb Code    54  ffix.o(x$fpl$ffix)
    __aeabi_f2uiz                            0x080063c5   Thumb Code     0  ffixu.o(x$fpl$ffixu)
    _ffixu                                   0x080063c5   Thumb Code    62  ffixu.o(x$fpl$ffixu)
    __aeabi_i2f                              0x08006405   Thumb Code     0  fflt_clz.o(x$fpl$fflt)
    _fflt                                    0x08006405   Thumb Code    48  fflt_clz.o(x$fpl$fflt)
    __aeabi_ui2f                             0x08006435   Thumb Code     0  fflt_clz.o(x$fpl$ffltu)
    _ffltu                                   0x08006435   Thumb Code    38  fflt_clz.o(x$fpl$ffltu)
    __aeabi_cfcmple                          0x0800645d   Thumb Code     0  fleqf.o(x$fpl$fleqf)
    _fcmple                                  0x0800645d   Thumb Code   104  fleqf.o(x$fpl$fleqf)
    __fpl_fcmple_InfNaN                      0x080064af   Thumb Code     0  fleqf.o(x$fpl$fleqf)
    __aeabi_fmul                             0x080064c5   Thumb Code     0  fmul.o(x$fpl$fmul)
    _fmul                                    0x080064c5   Thumb Code   258  fmul.o(x$fpl$fmul)
    __fpl_fnaninf                            0x080065c7   Thumb Code   140  fnaninf.o(x$fpl$fnaninf)
    __fpl_fretinf                            0x08006653   Thumb Code    10  fretinf.o(x$fpl$fretinf)
    __aeabi_cfrcmple                         0x0800665d   Thumb Code     0  frleqf.o(x$fpl$frleqf)
    _frcmple                                 0x0800665d   Thumb Code    98  frleqf.o(x$fpl$frleqf)
    _frnd                                    0x080066c1   Thumb Code    96  frnd.o(x$fpl$frnd)
    __aeabi_frsub                            0x08006721   Thumb Code     0  faddsub_clz.o(x$fpl$frsb)
    _frsb                                    0x08006721   Thumb Code    20  faddsub_clz.o(x$fpl$frsb)
    __aeabi_fsub                             0x08006735   Thumb Code     0  faddsub_clz.o(x$fpl$fsub)
    _fsub                                    0x08006735   Thumb Code   234  faddsub_clz.o(x$fpl$fsub)
    _printf_fp_dec                           0x0800681f   Thumb Code     4  printf1.o(x$fpl$printf1)
    _printf_fp_hex                           0x08006823   Thumb Code     4  printf2.o(x$fpl$printf2)
    __fpl_return_NaN                         0x08006827   Thumb Code   100  retnan.o(x$fpl$retnan)
    __ARM_scalbn                             0x0800688b   Thumb Code    92  scalbn.o(x$fpl$scalbn)
    __ARM_scalbnf                            0x080068e7   Thumb Code    76  scalbnf.o(x$fpl$scalbnf)
    __fpl_cmpreturn                          0x08006933   Thumb Code    48  trapv.o(x$fpl$trapveneer)
    __I$use$fp                               0x08006962   Number         0  usenofp.o(x$fpl$usenofp)
    __mathlib_zero                           0x08006a40   Data           8  qnan.o(.constdata)
    Region$$Table$$Base                      0x08006ba0   Number         0  anon$$obj.o(Region$$Table)
    Region$$Table$$Limit                     0x08006bc0   Number         0  anon$$obj.o(Region$$Table)
    __ctype                                  0x08006be9   Data           0  lc_ctype_c.o(locale$$data)
    is_up                                    0x20000014   Data           1  main.o(.data)
    is_Pause                                 0x20000015   Data           1  main.o(.data)
    is_turn                                  0x20000016   Data           1  main.o(.data)
    is_straight                              0x20000017   Data           1  main.o(.data)
    rS                                       0x20000018   Data           1  main.o(.data)
    Angle                                    0x2000001c   Data           4  main.o(.data)
    New_Yaw                                  0x20000020   Data           4  main.o(.data)
    New_Roll                                 0x20000024   Data           4  main.o(.data)
    New_Pitch                                0x20000028   Data           4  main.o(.data)
    Org_Yaw                                  0x2000002c   Data           4  main.o(.data)
    isUSART3_TState                          0x20000038   Data           1  usart.o(.data)
    isUSART3_DState                          0x20000039   Data           1  usart.o(.data)
    USART3Flag_RX                            0x2000003a   Data           1  usart.o(.data)
    U3Data                                   0x2000003c   Data           2  usart.o(.data)
    BufferCnt                                0x2000003e   Data           2  usart.o(.data)
    COMMANDS                                 0x20000040   Data          64  usart.o(.data)
    SpeedRank                                0x20000080   Data           2  motors.o(.data)
    is_Switch                                0x20000082   Data           2  motors.o(.data)
    rSpeed_PID                               0x20000084   Data          56  motors.o(.data)
    lSpeed_PID                               0x200000bc   Data          56  motors.o(.data)
    Turn_PID                                 0x200000f4   Data          56  motors.o(.data)
    Diff_PID                                 0x2000012c   Data          56  motors.o(.data)
    headingPID                               0x20000164   Data          60  motors.o(.data)
    aveSpeed                                 0x200001a0   Data           4  motors.o(.data)
    diffSpeed                                0x200001a4   Data           4  motors.o(.data)
    ACC_abs                                  0x200001c8   Data           4  mpu6050.o(.data)
    MM                                       0x20000208   Data          48  main.o(.bss)
    Kal_Yaw                                  0x20000238   Data          20  main.o(.bss)
    Kal_Roll                                 0x2000024c   Data          20  main.o(.bss)
    Kal_Pitch                                0x20000260   Data          20  main.o(.bss)
    DataBuffer                               0x20000274   Data         128  usart.o(.bss)
    TextBuffer                               0x200002f4   Data         128  usart.o(.bss)
    rSpeed                                   0x20000374   Data          12  motors.o(.bss)
    lSpeed                                   0x20000380   Data          12  motors.o(.bss)
    odom                                     0x2000038c   Data          16  motors.o(.bss)
    mpu6050_i2cbus                           0x2000039c   Data          16  mpu6050.o(.bss)
    pt1_filter_x                             0x200003ac   Data          12  mpu6050.o(.bss)
    pt1_filter_y                             0x200003b8   Data          12  mpu6050.o(.bss)
    pt1_filter_z                             0x200003c4   Data          12  mpu6050.o(.bss)
    pt1_filter_gx                            0x200003d0   Data          12  mpu6050.o(.bss)
    pt1_filter_gy                            0x200003dc   Data          12  mpu6050.o(.bss)
    pt1_filter_gz                            0x200003e8   Data          12  mpu6050.o(.bss)
    __libspace_start                         0x20000404   Data          96  libspace.o(.bss)
    __temporary_stack_top$libspace           0x20000464   Data           0  libspace.o(.bss)



==============================================================================

Memory Map of the image

  Image Entry point : 0x080000ed

  Load Region LR_IROM1 (Base: 0x08000000, Size: 0x00006ef4, Max: 0x00010000, ABSOLUTE, COMPRESSED[0x00006d7c])

    Execution Region ER_IROM1 (Exec base: 0x08000000, Load base: 0x08000000, Size: 0x00006cec, Max: 0x00010000, ABSOLUTE)

    Exec Addr    Load Addr    Size         Type   Attr      Idx    E Section Name        Object

    0x08000000   0x08000000   0x000000ec   Data   RO         3103    RESET               startup_stm32f10x_md.o
    0x080000ec   0x080000ec   0x00000008   Code   RO         3966  * !!!main             c_w.l(__main.o)
    0x080000f4   0x080000f4   0x00000034   Code   RO         4492    !!!scatter          c_w.l(__scatter.o)
    0x08000128   0x08000128   0x0000005a   Code   RO         4490    !!dczerorl2         c_w.l(__dczerorl2.o)
    0x08000182   0x08000182   0x00000002   PAD
    0x08000184   0x08000184   0x0000001c   Code   RO         4494    !!handler_zi        c_w.l(__scatter_zi.o)
    0x080001a0   0x080001a0   0x00000000   Code   RO         4166    .ARM.Collect$$_printf_percent$$00000000  c_w.l(_printf_percent.o)
    0x080001a0   0x080001a0   0x00000006   Code   RO         4155    .ARM.Collect$$_printf_percent$$00000001  c_w.l(_printf_n.o)
    0x080001a6   0x080001a6   0x00000006   Code   RO         4157    .ARM.Collect$$_printf_percent$$00000002  c_w.l(_printf_p.o)
    0x080001ac   0x080001ac   0x00000006   Code   RO         4162    .ARM.Collect$$_printf_percent$$00000003  c_w.l(_printf_f.o)
    0x080001b2   0x080001b2   0x00000006   Code   RO         4163    .ARM.Collect$$_printf_percent$$00000004  c_w.l(_printf_e.o)
    0x080001b8   0x080001b8   0x00000006   Code   RO         4164    .ARM.Collect$$_printf_percent$$00000005  c_w.l(_printf_g.o)
    0x080001be   0x080001be   0x00000006   Code   RO         4165    .ARM.Collect$$_printf_percent$$00000006  c_w.l(_printf_a.o)
    0x080001c4   0x080001c4   0x0000000a   Code   RO         4170    .ARM.Collect$$_printf_percent$$00000007  c_w.l(_printf_ll.o)
    0x080001ce   0x080001ce   0x00000006   Code   RO         4159    .ARM.Collect$$_printf_percent$$00000008  c_w.l(_printf_i.o)
    0x080001d4   0x080001d4   0x00000006   Code   RO         4160    .ARM.Collect$$_printf_percent$$00000009  c_w.l(_printf_d.o)
    0x080001da   0x080001da   0x00000006   Code   RO         4161    .ARM.Collect$$_printf_percent$$0000000A  c_w.l(_printf_u.o)
    0x080001e0   0x080001e0   0x00000006   Code   RO         4158    .ARM.Collect$$_printf_percent$$0000000B  c_w.l(_printf_o.o)
    0x080001e6   0x080001e6   0x00000006   Code   RO         4156    .ARM.Collect$$_printf_percent$$0000000C  c_w.l(_printf_x.o)
    0x080001ec   0x080001ec   0x00000006   Code   RO         4167    .ARM.Collect$$_printf_percent$$0000000D  c_w.l(_printf_lli.o)
    0x080001f2   0x080001f2   0x00000006   Code   RO         4168    .ARM.Collect$$_printf_percent$$0000000E  c_w.l(_printf_lld.o)
    0x080001f8   0x080001f8   0x00000006   Code   RO         4169    .ARM.Collect$$_printf_percent$$0000000F  c_w.l(_printf_llu.o)
    0x080001fe   0x080001fe   0x00000006   Code   RO         4174    .ARM.Collect$$_printf_percent$$00000010  c_w.l(_printf_llo.o)
    0x08000204   0x08000204   0x00000006   Code   RO         4175    .ARM.Collect$$_printf_percent$$00000011  c_w.l(_printf_llx.o)
    0x0800020a   0x0800020a   0x0000000a   Code   RO         4171    .ARM.Collect$$_printf_percent$$00000012  c_w.l(_printf_l.o)
    0x08000214   0x08000214   0x00000006   Code   RO         4153    .ARM.Collect$$_printf_percent$$00000013  c_w.l(_printf_c.o)
    0x0800021a   0x0800021a   0x00000006   Code   RO         4154    .ARM.Collect$$_printf_percent$$00000014  c_w.l(_printf_s.o)
    0x08000220   0x08000220   0x00000006   Code   RO         4172    .ARM.Collect$$_printf_percent$$00000015  c_w.l(_printf_lc.o)
    0x08000226   0x08000226   0x00000006   Code   RO         4173    .ARM.Collect$$_printf_percent$$00000016  c_w.l(_printf_ls.o)
    0x0800022c   0x0800022c   0x00000004   Code   RO         4290    .ARM.Collect$$_printf_percent$$00000017  c_w.l(_printf_percent_end.o)
    0x08000230   0x08000230   0x00000002   Code   RO         4352    .ARM.Collect$$libinit$$00000000  c_w.l(libinit.o)
    0x08000232   0x08000232   0x00000000   Code   RO         4365    .ARM.Collect$$libinit$$00000002  c_w.l(libinit2.o)
    0x08000232   0x08000232   0x00000000   Code   RO         4367    .ARM.Collect$$libinit$$00000004  c_w.l(libinit2.o)
    0x08000232   0x08000232   0x00000000   Code   RO         4370    .ARM.Collect$$libinit$$0000000A  c_w.l(libinit2.o)
    0x08000232   0x08000232   0x00000000   Code   RO         4372    .ARM.Collect$$libinit$$0000000C  c_w.l(libinit2.o)
    0x08000232   0x08000232   0x00000000   Code   RO         4374    .ARM.Collect$$libinit$$0000000E  c_w.l(libinit2.o)
    0x08000232   0x08000232   0x00000006   Code   RO         4375    .ARM.Collect$$libinit$$0000000F  c_w.l(libinit2.o)
    0x08000238   0x08000238   0x00000000   Code   RO         4377    .ARM.Collect$$libinit$$00000011  c_w.l(libinit2.o)
    0x08000238   0x08000238   0x0000000c   Code   RO         4378    .ARM.Collect$$libinit$$00000012  c_w.l(libinit2.o)
    0x08000244   0x08000244   0x00000000   Code   RO         4379    .ARM.Collect$$libinit$$00000013  c_w.l(libinit2.o)
    0x08000244   0x08000244   0x00000000   Code   RO         4381    .ARM.Collect$$libinit$$00000015  c_w.l(libinit2.o)
    0x08000244   0x08000244   0x0000000a   Code   RO         4382    .ARM.Collect$$libinit$$00000016  c_w.l(libinit2.o)
    0x0800024e   0x0800024e   0x00000000   Code   RO         4383    .ARM.Collect$$libinit$$00000017  c_w.l(libinit2.o)
    0x0800024e   0x0800024e   0x00000000   Code   RO         4385    .ARM.Collect$$libinit$$00000019  c_w.l(libinit2.o)
    0x0800024e   0x0800024e   0x00000000   Code   RO         4387    .ARM.Collect$$libinit$$0000001B  c_w.l(libinit2.o)
    0x0800024e   0x0800024e   0x00000000   Code   RO         4389    .ARM.Collect$$libinit$$0000001D  c_w.l(libinit2.o)
    0x0800024e   0x0800024e   0x00000000   Code   RO         4391    .ARM.Collect$$libinit$$0000001F  c_w.l(libinit2.o)
    0x0800024e   0x0800024e   0x00000000   Code   RO         4393    .ARM.Collect$$libinit$$00000021  c_w.l(libinit2.o)
    0x0800024e   0x0800024e   0x00000000   Code   RO         4395    .ARM.Collect$$libinit$$00000023  c_w.l(libinit2.o)
    0x0800024e   0x0800024e   0x00000000   Code   RO         4397    .ARM.Collect$$libinit$$00000025  c_w.l(libinit2.o)
    0x0800024e   0x0800024e   0x00000000   Code   RO         4401    .ARM.Collect$$libinit$$0000002C  c_w.l(libinit2.o)
    0x0800024e   0x0800024e   0x00000000   Code   RO         4403    .ARM.Collect$$libinit$$0000002E  c_w.l(libinit2.o)
    0x0800024e   0x0800024e   0x00000000   Code   RO         4405    .ARM.Collect$$libinit$$00000030  c_w.l(libinit2.o)
    0x0800024e   0x0800024e   0x00000000   Code   RO         4407    .ARM.Collect$$libinit$$00000032  c_w.l(libinit2.o)
    0x0800024e   0x0800024e   0x00000002   Code   RO         4408    .ARM.Collect$$libinit$$00000033  c_w.l(libinit2.o)
    0x08000250   0x08000250   0x00000002   Code   RO         4430    .ARM.Collect$$libshutdown$$00000000  c_w.l(libshutdown.o)
    0x08000252   0x08000252   0x00000000   Code   RO         4443    .ARM.Collect$$libshutdown$$00000002  c_w.l(libshutdown2.o)
    0x08000252   0x08000252   0x00000000   Code   RO         4445    .ARM.Collect$$libshutdown$$00000004  c_w.l(libshutdown2.o)
    0x08000252   0x08000252   0x00000000   Code   RO         4448    .ARM.Collect$$libshutdown$$00000007  c_w.l(libshutdown2.o)
    0x08000252   0x08000252   0x00000000   Code   RO         4451    .ARM.Collect$$libshutdown$$0000000A  c_w.l(libshutdown2.o)
    0x08000252   0x08000252   0x00000000   Code   RO         4453    .ARM.Collect$$libshutdown$$0000000C  c_w.l(libshutdown2.o)
    0x08000252   0x08000252   0x00000000   Code   RO         4456    .ARM.Collect$$libshutdown$$0000000F  c_w.l(libshutdown2.o)
    0x08000252   0x08000252   0x00000002   Code   RO         4457    .ARM.Collect$$libshutdown$$00000010  c_w.l(libshutdown2.o)
    0x08000254   0x08000254   0x00000000   Code   RO         4080    .ARM.Collect$$rtentry$$00000000  c_w.l(__rtentry.o)
    0x08000254   0x08000254   0x00000000   Code   RO         4256    .ARM.Collect$$rtentry$$00000002  c_w.l(__rtentry2.o)
    0x08000254   0x08000254   0x00000006   Code   RO         4268    .ARM.Collect$$rtentry$$00000004  c_w.l(__rtentry4.o)
    0x0800025a   0x0800025a   0x00000000   Code   RO         4258    .ARM.Collect$$rtentry$$00000009  c_w.l(__rtentry2.o)
    0x0800025a   0x0800025a   0x00000004   Code   RO         4259    .ARM.Collect$$rtentry$$0000000A  c_w.l(__rtentry2.o)
    0x0800025e   0x0800025e   0x00000000   Code   RO         4261    .ARM.Collect$$rtentry$$0000000C  c_w.l(__rtentry2.o)
    0x0800025e   0x0800025e   0x00000008   Code   RO         4262    .ARM.Collect$$rtentry$$0000000D  c_w.l(__rtentry2.o)
    0x08000266   0x08000266   0x00000002   Code   RO         4359    .ARM.Collect$$rtexit$$00000000  c_w.l(rtexit.o)
    0x08000268   0x08000268   0x00000000   Code   RO         4412    .ARM.Collect$$rtexit$$00000002  c_w.l(rtexit2.o)
    0x08000268   0x08000268   0x00000004   Code   RO         4413    .ARM.Collect$$rtexit$$00000003  c_w.l(rtexit2.o)
    0x0800026c   0x0800026c   0x00000006   Code   RO         4414    .ARM.Collect$$rtexit$$00000004  c_w.l(rtexit2.o)
    0x08000272   0x08000272   0x00000002   PAD
    0x08000274   0x08000274   0x00000040   Code   RO         3104    .text               startup_stm32f10x_md.o
    0x080002b4   0x080002b4   0x00000034   Code   RO         3958    .text               c_w.l(vsnprintf.o)
    0x080002e8   0x080002e8   0x00000096   Code   RO         3960    .text               c_w.l(strncmp.o)
    0x0800037e   0x0800037e   0x00000002   PAD
    0x08000380   0x08000380   0x00000080   Code   RO         3962    .text               c_w.l(strcmpv7m.o)
    0x08000400   0x08000400   0x00000006   Code   RO         3964    .text               c_w.l(heapauxi.o)
    0x08000406   0x08000406   0x00000016   Code   RO         4081    .text               c_w.l(_rserrno.o)
    0x0800041c   0x0800041c   0x0000004e   Code   RO         4085    .text               c_w.l(_printf_pad.o)
    0x0800046a   0x0800046a   0x00000024   Code   RO         4087    .text               c_w.l(_printf_truncate.o)
    0x0800048e   0x0800048e   0x00000052   Code   RO         4089    .text               c_w.l(_printf_str.o)
    0x080004e0   0x080004e0   0x00000078   Code   RO         4091    .text               c_w.l(_printf_dec.o)
    0x08000558   0x08000558   0x00000028   Code   RO         4093    .text               c_w.l(_printf_charcount.o)
    0x08000580   0x08000580   0x00000030   Code   RO         4095    .text               c_w.l(_printf_char_common.o)
    0x080005b0   0x080005b0   0x0000000a   Code   RO         4097    .text               c_w.l(_sputc.o)
    0x080005ba   0x080005ba   0x00000010   Code   RO         4099    .text               c_w.l(_snputc.o)
    0x080005ca   0x080005ca   0x00000002   PAD
    0x080005cc   0x080005cc   0x000000bc   Code   RO         4101    .text               c_w.l(_printf_wctomb.o)
    0x08000688   0x08000688   0x0000007c   Code   RO         4104    .text               c_w.l(_printf_longlong_dec.o)
    0x08000704   0x08000704   0x00000070   Code   RO         4110    .text               c_w.l(_printf_oct_int_ll.o)
    0x08000774   0x08000774   0x00000094   Code   RO         4130    .text               c_w.l(_printf_hex_int_ll_ptr.o)
    0x08000808   0x08000808   0x00000188   Code   RO         4150    .text               c_w.l(__printf_flags_ss_wp.o)
    0x08000990   0x08000990   0x00000008   Code   RO         4273    .text               c_w.l(rt_errno_addr_intlibspace.o)
    0x08000998   0x08000998   0x0000008a   Code   RO         4275    .text               c_w.l(lludiv10.o)
    0x08000a22   0x08000a22   0x000000b2   Code   RO         4277    .text               c_w.l(_printf_intcommon.o)
    0x08000ad4   0x08000ad4   0x0000041e   Code   RO         4279    .text               c_w.l(_printf_fp_dec.o)
    0x08000ef2   0x08000ef2   0x00000002   PAD
    0x08000ef4   0x08000ef4   0x000002fc   Code   RO         4281    .text               c_w.l(_printf_fp_hex.o)
    0x080011f0   0x080011f0   0x0000002c   Code   RO         4286    .text               c_w.l(_printf_char.o)
    0x0800121c   0x0800121c   0x0000002c   Code   RO         4288    .text               c_w.l(_printf_wchar.o)
    0x08001248   0x08001248   0x00000040   Code   RO         4291    .text               c_w.l(_wcrtomb.o)
    0x08001288   0x08001288   0x00000008   Code   RO         4303    .text               c_w.l(libspace.o)
    0x08001290   0x08001290   0x0000004a   Code   RO         4306    .text               c_w.l(sys_stackheap_outer.o)
    0x080012da   0x080012da   0x00000002   PAD
    0x080012dc   0x080012dc   0x00000010   Code   RO         4308    .text               c_w.l(rt_ctype_table.o)
    0x080012ec   0x080012ec   0x00000008   Code   RO         4313    .text               c_w.l(rt_locale_intlibspace.o)
    0x080012f4   0x080012f4   0x00000080   Code   RO         4315    .text               c_w.l(_printf_fp_infnan.o)
    0x08001374   0x08001374   0x000000e4   Code   RO         4317    .text               c_w.l(bigflt0.o)
    0x08001458   0x08001458   0x00000012   Code   RO         4345    .text               c_w.l(exit.o)
    0x0800146a   0x0800146a   0x00000002   PAD
    0x0800146c   0x0800146c   0x0000000c   Code   RO         4422    .text               c_w.l(sys_exit.o)
    0x08001478   0x08001478   0x00000002   Code   RO         4433    .text               c_w.l(use_no_semi.o)
    0x0800147a   0x0800147a   0x00000000   Code   RO         4435    .text               c_w.l(indicate_semi.o)
    0x0800147a   0x0800147a   0x0000003e   Code   RO         4320    CL$$btod_d2e        c_w.l(btod.o)
    0x080014b8   0x080014b8   0x00000046   Code   RO         4322    CL$$btod_d2e_denorm_low  c_w.l(btod.o)
    0x080014fe   0x080014fe   0x00000060   Code   RO         4321    CL$$btod_d2e_norm_op1  c_w.l(btod.o)
    0x0800155e   0x0800155e   0x00000338   Code   RO         4330    CL$$btod_div_common  c_w.l(btod.o)
    0x08001896   0x08001896   0x000000dc   Code   RO         4327    CL$$btod_e2e        c_w.l(btod.o)
    0x08001972   0x08001972   0x0000002a   Code   RO         4324    CL$$btod_ediv       c_w.l(btod.o)
    0x0800199c   0x0800199c   0x0000002a   Code   RO         4323    CL$$btod_emul       c_w.l(btod.o)
    0x080019c6   0x080019c6   0x00000244   Code   RO         4329    CL$$btod_mult_common  c_w.l(btod.o)
    0x08001c0a   0x08001c0a   0x00000004   Code   RO         3108    i.BusFault_Handler  stm32f10x_it.o
    0x08001c0e   0x08001c0e   0x00000002   Code   RO         3109    i.DebugMon_Handler  stm32f10x_it.o
    0x08001c10   0x08001c10   0x00000018   Code   RO         3882    i.Delay_ms          generic.o
    0x08001c28   0x08001c28   0x00000034   Code   RO         3884    i.Delay_us          generic.o
    0x08001c5c   0x08001c5c   0x0000007c   Code   RO         3165    i.ExDirect          main.o
    0x08001cd8   0x08001cd8   0x00000116   Code   RO         1240    i.GPIO_Init         stm32f10x_gpio.o
    0x08001dee   0x08001dee   0x00000002   PAD
    0x08001df0   0x08001df0   0x00000090   Code   RO         1242    i.GPIO_PinRemapConfig  stm32f10x_gpio.o
    0x08001e80   0x08001e80   0x00000012   Code   RO         1244    i.GPIO_ReadInputDataBit  stm32f10x_gpio.o
    0x08001e92   0x08001e92   0x00000004   Code   RO         1247    i.GPIO_ResetBits    stm32f10x_gpio.o
    0x08001e96   0x08001e96   0x00000004   Code   RO         1248    i.GPIO_SetBits      stm32f10x_gpio.o
    0x08001e9a   0x08001e9a   0x0000000a   Code   RO         1251    i.GPIO_WriteBit     stm32f10x_gpio.o
    0x08001ea4   0x08001ea4   0x0000001c   Code   RO         3427    i.GetUSART3RXTState  usart.o
    0x08001ec0   0x08001ec0   0x00000008   Code   RO         3428    i.GetUSART3TextBuffer  usart.o
    0x08001ec8   0x08001ec8   0x00000010   Code   RO         3549    i.GetlEncoder       motors.o
    0x08001ed8   0x08001ed8   0x00000010   Code   RO         3550    i.GetrEncoder       motors.o
    0x08001ee8   0x08001ee8   0x00000004   Code   RO         3110    i.HardFault_Handler  stm32f10x_it.o
    0x08001eec   0x08001eec   0x00000020   Code   RO         3552    i.HeadingPID_Reset  motors.o
    0x08001f0c   0x08001f0c   0x00000048   Code   RO         3553    i.InitAll           motors.o
    0x08001f54   0x08001f54   0x0000000e   Code   RO         3833    i.KalmanFilter_Init  filter.o
    0x08001f62   0x08001f62   0x0000005a   Code   RO         3834    i.KalmanFilter_Update  filter.o
    0x08001fbc   0x08001fbc   0x00000048   Code   RO         3929    i.LED_Init          led.o
    0x08002004   0x08002004   0x00000278   Code   RO         3654    i.MPU6050_Get_Angle  mpu6050.o
    0x0800227c   0x0800227c   0x0000017c   Code   RO         3656    i.MPU6050_Get_Raw   mpu6050.o
    0x080023f8   0x080023f8   0x00000160   Code   RO         3658    i.MPU6050_Register_init  mpu6050.o
    0x08002558   0x08002558   0x0000018c   Code   RO         3660    i.MPU6050_SoftCalibrate_Z  mpu6050.o
    0x080026e4   0x080026e4   0x000000f4   Code   RO         3661    i.MPU6050_init      mpu6050.o
    0x080027d8   0x080027d8   0x00000090   Code   RO         3740    i.MYI2C_Read_Reg_Continue  _myi2c_.o
    0x08002868   0x08002868   0x00000050   Code   RO         3742    i.MYI2C_Write_Reg   _myi2c_.o
    0x080028b8   0x080028b8   0x00000004   Code   RO         3111    i.MemManage_Handler  stm32f10x_it.o
    0x080028bc   0x080028bc   0x00000104   Code   RO         3554    i.MotorEnCoder_Init  motors.o
    0x080029c0   0x080029c0   0x000000bc   Code   RO         3555    i.Motor_Init        motors.o
    0x08002a7c   0x08002a7c   0x00000118   Code   RO         3744    i.MyI2C_Init        _myi2c_.o
    0x08002b94   0x08002b94   0x00000002   Code   RO         3112    i.NMI_Handler       stm32f10x_it.o
    0x08002b96   0x08002b96   0x00000002   PAD
    0x08002b98   0x08002b98   0x00000070   Code   RO            1    i.NVIC_Init         misc.o
    0x08002c08   0x08002c08   0x00000014   Code   RO            2    i.NVIC_PriorityGroupConfig  misc.o
    0x08002c1c   0x08002c1c   0x0000001c   Code   RO         3556    i.Odometry_Reset    motors.o
    0x08002c38   0x08002c38   0x000000d8   Code   RO         3557    i.Odometry_Update   motors.o
    0x08002d10   0x08002d10   0x00000016   Code   RO         3558    i.PID_Init          motors.o
    0x08002d26   0x08002d26   0x00000002   PAD
    0x08002d28   0x08002d28   0x00000224   Code   RO         3559    i.PID_Speed         motors.o
    0x08002f4c   0x08002f4c   0x0000003c   Code   RO         3835    i.PT1Filter_Apply   filter.o
    0x08002f88   0x08002f88   0x00000028   Code   RO         3836    i.PT1Filter_Init    filter.o
    0x08002fb0   0x08002fb0   0x00000034   Code   RO         3837    i.PT1Filter_InitWithFreq  filter.o
    0x08002fe4   0x08002fe4   0x00000002   Code   RO         3113    i.PendSV_Handler    stm32f10x_it.o
    0x08002fe6   0x08002fe6   0x00000002   PAD
    0x08002fe8   0x08002fe8   0x00000020   Code   RO         1656    i.RCC_APB1PeriphClockCmd  stm32f10x_rcc.o
    0x08003008   0x08003008   0x00000020   Code   RO         1658    i.RCC_APB2PeriphClockCmd  stm32f10x_rcc.o
    0x08003028   0x08003028   0x000000d4   Code   RO         1666    i.RCC_GetClocksFreq  stm32f10x_rcc.o
    0x080030fc   0x080030fc   0x00000002   Code   RO         3114    i.SVC_Handler       stm32f10x_it.o
    0x080030fe   0x080030fe   0x00000002   PAD
    0x08003100   0x08003100   0x000000a0   Code   RO         3378    i.ServoPWM_Init     pwmo.o
    0x080031a0   0x080031a0   0x00000020   Code   RO         3930    i.SetLED            led.o
    0x080031c0   0x080031c0   0x0000005a   Code   RO         3931    i.SetLEDs           led.o
    0x0800321a   0x0800321a   0x00000002   PAD
    0x0800321c   0x0800321c   0x00000040   Code   RO         3379    i.SetServoRotation  pwmo.o
    0x0800325c   0x0800325c   0x00000028   Code   RO         3166    i.SetSpeedRank      main.o
    0x08003284   0x08003284   0x00000008   Code   RO         3067    i.SetSysClock       system_stm32f10x.o
    0x0800328c   0x0800328c   0x000000e0   Code   RO         3068    i.SetSysClockTo72   system_stm32f10x.o
    0x0800336c   0x0800336c   0x00000038   Code   RO         3167    i.Set_Straight      main.o
    0x080033a4   0x080033a4   0x0000003c   Code   RO         3168    i.SoftReset         main.o
    0x080033e0   0x080033e0   0x00000060   Code   RO         3169    i.SpeedAcc          main.o
    0x08003440   0x08003440   0x00000060   Code   RO         3170    i.SpeedSlowDown     main.o
    0x080034a0   0x080034a0   0x0000000a   Code   RO         3560    i.Speed_Init        motors.o
    0x080034aa   0x080034aa   0x00000002   PAD
    0x080034ac   0x080034ac   0x00000124   Code   RO         3171    i.SysTick_Handler   main.o
    0x080035d0   0x080035d0   0x00000044   Code   RO         3273    i.SysTick_Init      timers.o
    0x08003614   0x08003614   0x00000060   Code   RO         3070    i.SystemInit        system_stm32f10x.o
    0x08003674   0x08003674   0x00000080   Code   RO         2274    i.TI1_Config        stm32f10x_tim.o
    0x080036f4   0x080036f4   0x00000098   Code   RO         2275    i.TI2_Config        stm32f10x_tim.o
    0x0800378c   0x0800378c   0x00000090   Code   RO         2276    i.TI3_Config        stm32f10x_tim.o
    0x0800381c   0x0800381c   0x00000098   Code   RO         2277    i.TI4_Config        stm32f10x_tim.o
    0x080038b4   0x080038b4   0x00000006   Code   RO         2285    i.TIM_ClearITPendingBit  stm32f10x_tim.o
    0x080038ba   0x080038ba   0x00000018   Code   RO         2290    i.TIM_Cmd           stm32f10x_tim.o
    0x080038d2   0x080038d2   0x0000001e   Code   RO         2292    i.TIM_CtrlPWMOutputs  stm32f10x_tim.o
    0x080038f0   0x080038f0   0x00000042   Code   RO         2299    i.TIM_EncoderInterfaceConfig  stm32f10x_tim.o
    0x08003932   0x08003932   0x00000006   Code   RO         2309    i.TIM_GetCounter    stm32f10x_tim.o
    0x08003938   0x08003938   0x000000ac   Code   RO         2313    i.TIM_ICInit        stm32f10x_tim.o
    0x080039e4   0x080039e4   0x00000012   Code   RO         2314    i.TIM_ICStructInit  stm32f10x_tim.o
    0x080039f6   0x080039f6   0x0000000c   Code   RO         2317    i.TIM_InternalClockConfig  stm32f10x_tim.o
    0x08003a02   0x08003a02   0x00000002   PAD
    0x08003a04   0x08003a04   0x00000098   Code   RO         2319    i.TIM_OC1Init       stm32f10x_tim.o
    0x08003a9c   0x08003a9c   0x000000a4   Code   RO         2324    i.TIM_OC2Init       stm32f10x_tim.o
    0x08003b40   0x08003b40   0x000000a0   Code   RO         2329    i.TIM_OC3Init       stm32f10x_tim.o
    0x08003be0   0x08003be0   0x0000007c   Code   RO         2334    i.TIM_OC4Init       stm32f10x_tim.o
    0x08003c5c   0x08003c5c   0x00000014   Code   RO         2337    i.TIM_OCStructInit  stm32f10x_tim.o
    0x08003c70   0x08003c70   0x00000004   Code   RO         2351    i.TIM_SetCompare1   stm32f10x_tim.o
    0x08003c74   0x08003c74   0x00000004   Code   RO         2352    i.TIM_SetCompare2   stm32f10x_tim.o
    0x08003c78   0x08003c78   0x00000004   Code   RO         2353    i.TIM_SetCompare3   stm32f10x_tim.o
    0x08003c7c   0x08003c7c   0x00000006   Code   RO         2354    i.TIM_SetCompare4   stm32f10x_tim.o
    0x08003c82   0x08003c82   0x00000004   Code   RO         2355    i.TIM_SetCounter    stm32f10x_tim.o
    0x08003c86   0x08003c86   0x00000012   Code   RO         2356    i.TIM_SetIC1Prescaler  stm32f10x_tim.o
    0x08003c98   0x08003c98   0x0000001a   Code   RO         2357    i.TIM_SetIC2Prescaler  stm32f10x_tim.o
    0x08003cb2   0x08003cb2   0x00000012   Code   RO         2358    i.TIM_SetIC3Prescaler  stm32f10x_tim.o
    0x08003cc4   0x08003cc4   0x0000001a   Code   RO         2359    i.TIM_SetIC4Prescaler  stm32f10x_tim.o
    0x08003cde   0x08003cde   0x00000002   PAD
    0x08003ce0   0x08003ce0   0x000000a4   Code   RO         2361    i.TIM_TimeBaseInit  stm32f10x_tim.o
    0x08003d84   0x08003d84   0x00000094   Code   RO         3431    i.USART3_IRQHandler  usart.o
    0x08003e18   0x08003e18   0x000000c4   Code   RO         3432    i.USART3_Init       usart.o
    0x08003edc   0x08003edc   0x00000020   Code   RO         3434    i.USART3_SendByte   usart.o
    0x08003efc   0x08003efc   0x00000018   Code   RO         3437    i.USART3_SendString  usart.o
    0x08003f14   0x08003f14   0x00000026   Code   RO         3438    i.USART3_printf     usart.o
    0x08003f3a   0x08003f3a   0x0000001e   Code   RO         2823    i.USART_ClearITPendingBit  stm32f10x_usart.o
    0x08003f58   0x08003f58   0x00000018   Code   RO         2826    i.USART_Cmd         stm32f10x_usart.o
    0x08003f70   0x08003f70   0x0000001a   Code   RO         2829    i.USART_GetFlagStatus  stm32f10x_usart.o
    0x08003f8a   0x08003f8a   0x00000054   Code   RO         2830    i.USART_GetITStatus  stm32f10x_usart.o
    0x08003fde   0x08003fde   0x0000004a   Code   RO         2832    i.USART_ITConfig    stm32f10x_usart.o
    0x08004028   0x08004028   0x000000d8   Code   RO         2833    i.USART_Init        stm32f10x_usart.o
    0x08004100   0x08004100   0x00000020   Code   RO         3439    i.USART_ReadByte    usart.o
    0x08004120   0x08004120   0x0000000a   Code   RO         2840    i.USART_ReceiveData  stm32f10x_usart.o
    0x0800412a   0x0800412a   0x00000008   Code   RO         2843    i.USART_SendData    stm32f10x_usart.o
    0x08004132   0x08004132   0x00000004   Code   RO         3115    i.UsageFault_Handler  stm32f10x_it.o
    0x08004136   0x08004136   0x0000001e   Code   RO         3745    i._SI2C_ReceiveAck  _myi2c_.o
    0x08004154   0x08004154   0x00000034   Code   RO         3746    i._SI2C_ReceiveByte  _myi2c_.o
    0x08004188   0x08004188   0x0000001c   Code   RO         3747    i._SI2C_Start       _myi2c_.o
    0x080041a4   0x080041a4   0x00000016   Code   RO         3748    i._SI2C_Stop        _myi2c_.o
    0x080041ba   0x080041ba   0x00000018   Code   RO         3749    i._SI2C_WriteAck    _myi2c_.o
    0x080041d2   0x080041d2   0x0000002a   Code   RO         3750    i._SI2C_WriteByte   _myi2c_.o
    0x080041fc   0x080041fc   0x00000028   Code   RO         4299    i.__ARM_fpclassify  m_ws.l(fpclassify.o)
    0x08004224   0x08004224   0x00000026   Code   RO         4227    i.__ARM_fpclassifyf  m_ws.l(fpclassifyf.o)
    0x0800424a   0x0800424a   0x000000aa   Code   RO         4301    i.__kernel_poly     m_ws.l(poly.o)
    0x080042f4   0x080042f4   0x00000006   Code   RO         4214    i.__mathlib_dbl_infnan  m_ws.l(dunder.o)
    0x080042fa   0x080042fa   0x00000004   Code   RO         4215    i.__mathlib_dbl_infnan2  m_ws.l(dunder.o)
    0x080042fe   0x080042fe   0x00000002   PAD
    0x08004300   0x08004300   0x00000010   Code   RO         4219    i.__mathlib_dbl_underflow  m_ws.l(dunder.o)
    0x08004310   0x08004310   0x00000006   Code   RO         4230    i.__mathlib_flt_infnan  m_ws.l(funder.o)
    0x08004316   0x08004316   0x00000008   Code   RO         4232    i.__mathlib_flt_invalid  m_ws.l(funder.o)
    0x0800431e   0x0800431e   0x0000000a   Code   RO         4235    i.__mathlib_flt_underflow  m_ws.l(funder.o)
    0x08004328   0x08004328   0x00000168   Code   RO         4244    i.__mathlib_rredf2  m_ws.l(rredf.o)
    0x08004490   0x08004490   0x0000000e   Code   RO         4143    i._is_digit         c_w.l(__printf_wp.o)
    0x0800449e   0x0800449e   0x00000002   PAD
    0x080044a0   0x080044a0   0x00000220   Code   RO         4204    i.atan              m_ws.l(atan.o)
    0x080046c0   0x080046c0   0x00000180   Code   RO         4033    i.atan2             m_ws.l(atan2.o)
    0x08004840   0x08004840   0x0000017c   Code   RO         4049    i.cosf              m_ws.l(cosf.o)
    0x080049bc   0x080049bc   0x0000002c   Code   RO         3751    i.i2c_scl_write     _myi2c_.o
    0x080049e8   0x080049e8   0x0000002c   Code   RO         3752    i.i2c_sda_read      _myi2c_.o
    0x08004a14   0x08004a14   0x0000002c   Code   RO         3753    i.i2c_sda_write     _myi2c_.o
    0x08004a40   0x08004a40   0x00000278   Code   RO         3172    i.keep_straight     main.o
    0x08004cb8   0x08004cb8   0x00000034   Code   RO         3561    i.lSetSpeed         motors.o
    0x08004cec   0x08004cec   0x00000628   Code   RO         3173    i.main              main.o
    0x08005314   0x08005314   0x00000034   Code   RO         3562    i.rSetSpeed         motors.o
    0x08005348   0x08005348   0x00000188   Code   RO         4057    i.sinf              m_ws.l(sinf.o)
    0x080054d0   0x080054d0   0x0000004c   Code   RO         4065    i.sqrt              m_ws.l(sqrt.o)
    0x0800551c   0x0800551c   0x0000002c   Code   RO         4343    locale$$code        c_w.l(lc_numeric_c.o)
    0x08005548   0x08005548   0x0000002c   Code   RO         4362    locale$$code        c_w.l(lc_ctype_c.o)
    0x08005574   0x08005574   0x00000062   Code   RO         3968    x$fpl$d2f           fz_ws.l(d2f.o)
    0x080055d6   0x080055d6   0x00000002   PAD
    0x080055d8   0x080055d8   0x00000150   Code   RO         3970    x$fpl$dadd          fz_ws.l(daddsub_clz.o)
    0x08005728   0x08005728   0x00000010   Code   RO         4353    x$fpl$dcheck1       fz_ws.l(dcheck1.o)
    0x08005738   0x08005738   0x00000018   Code   RO         4176    x$fpl$dcmpinf       fz_ws.l(dcmpi.o)
    0x08005750   0x08005750   0x000002b0   Code   RO         3977    x$fpl$ddiv          fz_ws.l(ddiv.o)
    0x08005a00   0x08005a00   0x0000002e   Code   RO         3981    x$fpl$dflt          fz_ws.l(dflt_clz.o)
    0x08005a2e   0x08005a2e   0x00000002   PAD
    0x08005a30   0x08005a30   0x00000078   Code   RO         3986    x$fpl$dleqf         fz_ws.l(dleqf.o)
    0x08005aa8   0x08005aa8   0x00000154   Code   RO         3988    x$fpl$dmul          fz_ws.l(dmul.o)
    0x08005bfc   0x08005bfc   0x0000009c   Code   RO         4178    x$fpl$dnaninf       fz_ws.l(dnaninf.o)
    0x08005c98   0x08005c98   0x0000000c   Code   RO         4180    x$fpl$dretinf       fz_ws.l(dretinf.o)
    0x08005ca4   0x08005ca4   0x0000006c   Code   RO         3990    x$fpl$drleqf        fz_ws.l(drleqf.o)
    0x08005d10   0x08005d10   0x00000016   Code   RO         3971    x$fpl$drsb          fz_ws.l(daddsub_clz.o)
    0x08005d26   0x08005d26   0x00000002   PAD
    0x08005d28   0x08005d28   0x000001cc   Code   RO         4182    x$fpl$dsqrt         fz_ws.l(dsqrt_noumaal.o)
    0x08005ef4   0x08005ef4   0x000001d4   Code   RO         3972    x$fpl$dsub          fz_ws.l(daddsub_clz.o)
    0x080060c8   0x080060c8   0x00000056   Code   RO         3992    x$fpl$f2d           fz_ws.l(f2d.o)
    0x0800611e   0x0800611e   0x00000002   PAD
    0x08006120   0x08006120   0x000000c4   Code   RO         3994    x$fpl$fadd          fz_ws.l(faddsub_clz.o)
    0x080061e4   0x080061e4   0x0000000c   Code   RO         4293    x$fpl$fcheck1       fz_ws.l(fcheck1.o)
    0x080061f0   0x080061f0   0x00000018   Code   RO         4184    x$fpl$fcmpinf       fz_ws.l(fcmpi.o)
    0x08006208   0x08006208   0x00000184   Code   RO         4001    x$fpl$fdiv          fz_ws.l(fdiv.o)
    0x0800638c   0x0800638c   0x00000036   Code   RO         4004    x$fpl$ffix          fz_ws.l(ffix.o)
    0x080063c2   0x080063c2   0x00000002   PAD
    0x080063c4   0x080063c4   0x0000003e   Code   RO         4008    x$fpl$ffixu         fz_ws.l(ffixu.o)
    0x08006402   0x08006402   0x00000002   PAD
    0x08006404   0x08006404   0x00000030   Code   RO         4013    x$fpl$fflt          fz_ws.l(fflt_clz.o)
    0x08006434   0x08006434   0x00000026   Code   RO         4012    x$fpl$ffltu         fz_ws.l(fflt_clz.o)
    0x0800645a   0x0800645a   0x00000002   PAD
    0x0800645c   0x0800645c   0x00000068   Code   RO         4018    x$fpl$fleqf         fz_ws.l(fleqf.o)
    0x080064c4   0x080064c4   0x00000102   Code   RO         4020    x$fpl$fmul          fz_ws.l(fmul.o)
    0x080065c6   0x080065c6   0x0000008c   Code   RO         4186    x$fpl$fnaninf       fz_ws.l(fnaninf.o)
    0x08006652   0x08006652   0x0000000a   Code   RO         4188    x$fpl$fretinf       fz_ws.l(fretinf.o)
    0x0800665c   0x0800665c   0x00000062   Code   RO         4022    x$fpl$frleqf        fz_ws.l(frleqf.o)
    0x080066be   0x080066be   0x00000002   PAD
    0x080066c0   0x080066c0   0x00000060   Code   RO         4190    x$fpl$frnd          fz_ws.l(frnd.o)
    0x08006720   0x08006720   0x00000014   Code   RO         3995    x$fpl$frsb          fz_ws.l(faddsub_clz.o)
    0x08006734   0x08006734   0x000000ea   Code   RO         3996    x$fpl$fsub          fz_ws.l(faddsub_clz.o)
    0x0800681e   0x0800681e   0x00000004   Code   RO         4192    x$fpl$printf1       fz_ws.l(printf1.o)
    0x08006822   0x08006822   0x00000004   Code   RO         4194    x$fpl$printf2       fz_ws.l(printf2.o)
    0x08006826   0x08006826   0x00000064   Code   RO         4357    x$fpl$retnan        fz_ws.l(retnan.o)
    0x0800688a   0x0800688a   0x0000005c   Code   RO         4297    x$fpl$scalbn        fz_ws.l(scalbn.o)
    0x080068e6   0x080068e6   0x0000004c   Code   RO         4200    x$fpl$scalbnf       fz_ws.l(scalbnf.o)
    0x08006932   0x08006932   0x00000030   Code   RO         4409    x$fpl$trapveneer    fz_ws.l(trapv.o)
    0x08006962   0x08006962   0x00000000   Code   RO         4202    x$fpl$usenofp       fz_ws.l(usenofp.o)
    0x08006962   0x08006962   0x00000002   PAD
    0x08006964   0x08006964   0x00000008   Data   RO         4102    .constdata          c_w.l(_printf_wctomb.o)
    0x0800696c   0x0800696c   0x00000028   Data   RO         4131    .constdata          c_w.l(_printf_hex_int_ll_ptr.o)
    0x08006994   0x08006994   0x00000011   Data   RO         4151    .constdata          c_w.l(__printf_flags_ss_wp.o)
    0x080069a5   0x080069a5   0x00000003   PAD
    0x080069a8   0x080069a8   0x00000098   Data   RO         4205    .constdata          m_ws.l(atan.o)
    0x08006a40   0x08006a40   0x00000008   Data   RO         4243    .constdata          m_ws.l(qnan.o)
    0x08006a48   0x08006a48   0x00000020   Data   RO         4245    .constdata          m_ws.l(rredf.o)
    0x08006a68   0x08006a68   0x00000026   Data   RO         4282    .constdata          c_w.l(_printf_fp_hex.o)
    0x08006a8e   0x08006a8e   0x00000002   PAD
    0x08006a90   0x08006a90   0x00000094   Data   RO         4318    .constdata          c_w.l(bigflt0.o)
    0x08006b24   0x08006b24   0x0000007b   Data   RO         3442    .conststring        usart.o
    0x08006b9f   0x08006b9f   0x00000001   PAD
    0x08006ba0   0x08006ba0   0x00000020   Data   RO         4488    Region$$Table       anon$$obj.o
    0x08006bc0   0x08006bc0   0x0000001c   Data   RO         4342    locale$$data        c_w.l(lc_numeric_c.o)
    0x08006bdc   0x08006bdc   0x00000110   Data   RO         4361    locale$$data        c_w.l(lc_ctype_c.o)


    Execution Region RW_IRAM1 (Exec base: 0x20000000, Load base: 0x08006cec, Size: 0x00000a68, Max: 0x00005000, ABSOLUTE, COMPRESSED[0x00000090])

    Exec Addr    Load Addr    Size         Type   Attr      Idx    E Section Name        Object

    0x20000000   COMPRESSED   0x00000014   Data   RW         1686    .data               stm32f10x_rcc.o
    0x20000014   COMPRESSED   0x00000024   Data   RW         3175    .data               main.o
    0x20000038   COMPRESSED   0x00000048   Data   RW         3443    .data               usart.o
    0x20000080   COMPRESSED   0x00000128   Data   RW         3564    .data               motors.o
    0x200001a8   COMPRESSED   0x00000059   Data   RW         3664    .data               mpu6050.o
    0x20000201   COMPRESSED   0x00000003   PAD
    0x20000204   COMPRESSED   0x00000004   Data   RW         3754    .data               _myi2c_.o
    0x20000208        -       0x0000006c   Zero   RW         3174    .bss                main.o
    0x20000274        -       0x00000100   Zero   RW         3441    .bss                usart.o
    0x20000374        -       0x00000028   Zero   RW         3563    .bss                motors.o
    0x2000039c        -       0x00000066   Zero   RW         3663    .bss                mpu6050.o
    0x20000402   COMPRESSED   0x00000002   PAD
    0x20000404        -       0x00000060   Zero   RW         4304    .bss                c_w.l(libspace.o)
    0x20000464   COMPRESSED   0x00000004   PAD
    0x20000468        -       0x00000200   Zero   RW         3102    HEAP                startup_stm32f10x_md.o
    0x20000668        -       0x00000400   Zero   RW         3101    STACK               startup_stm32f10x_md.o


==============================================================================

Image component sizes


      Code (inc. data)   RO Data    RW Data    ZI Data      Debug   Object Name

       834         54          0          4          0       7273   _myi2c_.o
         0          0          0          0          0         32   core_cm3.o
       256          6          0          0          0       3306   filter.o
        76          0          0          0          0        926   generic.o
         0          0          0          0          0        616   keys.o
       194         10          0          0          0       1458   led.o
      2972        624          0         36        108      22551   main.o
       132         22          0          0          0     252759   misc.o
      1512        166          0        296         40       9032   motors.o
      2004        194          0         89        102       9762   mpu6050.o
       224         18          0          0          0       1123   pwmo.o
        64         26        236          0       1536        796   startup_stm32f10x_md.o
       458          6          0          0          0       4814   stm32f10x_gpio.o
        24          0          0          0          0       3376   stm32f10x_it.o
       276         32          0         20          0       4246   stm32f10x_rcc.o
      1804        200          0          0          0      16230   stm32f10x_tim.o
       472          6          0          0          0       6479   stm32f10x_usart.o
       328         28          0          0          0       1861   system_stm32f10x.o
        68         14          0          0          0      15666   timers.o
       506         50        123         72        256       4927   usart.o

    ----------------------------------------------------------------------
     12222       1456        392        520       2044     367233   Object Totals
         0          0         32          0          0          0   (incl. Generated)
        18          0          1          3          2          0   (incl. Padding)

    ----------------------------------------------------------------------

      Code (inc. data)   RO Data    RW Data    ZI Data      Debug   Library Member Name

        90          0          0          0          0          0   __dczerorl2.o
         8          0          0          0          0         68   __main.o
       392          4         17          0          0         92   __printf_flags_ss_wp.o
        14          0          0          0          0         68   __printf_wp.o
         0          0          0          0          0          0   __rtentry.o
        12          0          0          0          0          0   __rtentry2.o
         6          0          0          0          0          0   __rtentry4.o
        52          8          0          0          0          0   __scatter.o
        28          0          0          0          0          0   __scatter_zi.o
         6          0          0          0          0          0   _printf_a.o
         6          0          0          0          0          0   _printf_c.o
        44          0          0          0          0        108   _printf_char.o
        48          6          0          0          0         96   _printf_char_common.o
        40          0          0          0          0         68   _printf_charcount.o
         6          0          0          0          0          0   _printf_d.o
       120         16          0          0          0         92   _printf_dec.o
         6          0          0          0          0          0   _printf_e.o
         6          0          0          0          0          0   _printf_f.o
      1054          0          0          0          0        216   _printf_fp_dec.o
       764          8         38          0          0        100   _printf_fp_hex.o
       128         16          0          0          0         84   _printf_fp_infnan.o
         6          0          0          0          0          0   _printf_g.o
       148          4         40          0          0        160   _printf_hex_int_ll_ptr.o
         6          0          0          0          0          0   _printf_i.o
       178          0          0          0          0         88   _printf_intcommon.o
        10          0          0          0          0          0   _printf_l.o
         6          0          0          0          0          0   _printf_lc.o
        10          0          0          0          0          0   _printf_ll.o
         6          0          0          0          0          0   _printf_lld.o
         6          0          0          0          0          0   _printf_lli.o
         6          0          0          0          0          0   _printf_llo.o
         6          0          0          0          0          0   _printf_llu.o
         6          0          0          0          0          0   _printf_llx.o
       124         16          0          0          0         92   _printf_longlong_dec.o
         6          0          0          0          0          0   _printf_ls.o
         6          0          0          0          0          0   _printf_n.o
         6          0          0          0          0          0   _printf_o.o
       112         10          0          0          0        124   _printf_oct_int_ll.o
         6          0          0          0          0          0   _printf_p.o
        78          0          0          0          0        108   _printf_pad.o
         0          0          0          0          0          0   _printf_percent.o
         4          0          0          0          0          0   _printf_percent_end.o
         6          0          0          0          0          0   _printf_s.o
        82          0          0          0          0         80   _printf_str.o
        36          0          0          0          0         84   _printf_truncate.o
         6          0          0          0          0          0   _printf_u.o
        44          0          0          0          0        108   _printf_wchar.o
       188          6          8          0          0         92   _printf_wctomb.o
         6          0          0          0          0          0   _printf_x.o
        22          0          0          0          0        100   _rserrno.o
        16          0          0          0          0         68   _snputc.o
        10          0          0          0          0         68   _sputc.o
        64          0          0          0          0         92   _wcrtomb.o
       228          4        148          0          0         96   bigflt0.o
      1936        128          0          0          0        672   btod.o
        18          0          0          0          0         80   exit.o
         6          0          0          0          0        152   heapauxi.o
         0          0          0          0          0          0   indicate_semi.o
        44         10        272          0          0         76   lc_ctype_c.o
        44         10         28          0          0         76   lc_numeric_c.o
         2          0          0          0          0          0   libinit.o
        30          0          0          0          0          0   libinit2.o
         2          0          0          0          0          0   libshutdown.o
         2          0          0          0          0          0   libshutdown2.o
         8          4          0          0         96         68   libspace.o
       138          0          0          0          0         80   lludiv10.o
        16          4          0          0          0         76   rt_ctype_table.o
         8          4          0          0          0         68   rt_errno_addr_intlibspace.o
         8          4          0          0          0         68   rt_locale_intlibspace.o
         2          0          0          0          0          0   rtexit.o
        10          0          0          0          0          0   rtexit2.o
       128          0          0          0          0         68   strcmpv7m.o
       150          0          0          0          0         80   strncmp.o
        12          4          0          0          0         68   sys_exit.o
        74          0          0          0          0         80   sys_stackheap_outer.o
         2          0          0          0          0         68   use_no_semi.o
        52          4          0          0          0         80   vsnprintf.o
        98          4          0          0          0         92   d2f.o
       826         16          0          0          0        348   daddsub_clz.o
        16          4          0          0          0         68   dcheck1.o
        24          0          0          0          0         68   dcmpi.o
       688        140          0          0          0        208   ddiv.o
        46          0          0          0          0         68   dflt_clz.o
       120          4          0          0          0         92   dleqf.o
       340         12          0          0          0        104   dmul.o
       156          4          0          0          0         92   dnaninf.o
        12          0          0          0          0         68   dretinf.o
       108          0          0          0          0         80   drleqf.o
       460         56          0          0          0        120   dsqrt_noumaal.o
        86          4          0          0          0         84   f2d.o
       450          8          0          0          0        236   faddsub_clz.o
        12          4          0          0          0         68   fcheck1.o
        24          0          0          0          0         68   fcmpi.o
       388         76          0          0          0         96   fdiv.o
        54          4          0          0          0         84   ffix.o
        62          4          0          0          0         84   ffixu.o
        86          0          0          0          0        136   fflt_clz.o
       104          4          0          0          0         84   fleqf.o
       258          4          0          0          0         84   fmul.o
       140          4          0          0          0         84   fnaninf.o
        10          0          0          0          0         68   fretinf.o
        98          0          0          0          0         68   frleqf.o
        96          4          0          0          0         76   frnd.o
         4          0          0          0          0         68   printf1.o
         4          0          0          0          0         68   printf2.o
       100          0          0          0          0         68   retnan.o
        92          0          0          0          0         68   scalbn.o
        76          0          0          0          0         68   scalbnf.o
        48          0          0          0          0         68   trapv.o
         0          0          0          0          0          0   usenofp.o
       544         70        152          0          0        124   atan.o
       384         38          0          0          0        144   atan2.o
       380         52          0          0          0        124   cosf.o
        26          6          0          0          0        204   dunder.o
        40          0          0          0          0         68   fpclassify.o
        38          0          0          0          0         68   fpclassifyf.o
        24          0          0          0          0        204   funder.o
       170          0          0          0          0         96   poly.o
         0          0          8          0          0          0   qnan.o
       360         16         32          0          0         88   rredf.o
       392         54          0          0          0        124   sinf.o
        76          0          0          0          0         84   sqrt.o

    ----------------------------------------------------------------------
     14522        862        748          0        100       8676   Library Totals
        36          0          5          0          4          0   (incl. Padding)

    ----------------------------------------------------------------------

      Code (inc. data)   RO Data    RW Data    ZI Data      Debug   Library Name

      6966        270        551          0         96       4212   c_w.l
      5086        356          0          0          0       3136   fz_ws.l
      2434        236        192          0          0       1328   m_ws.l

    ----------------------------------------------------------------------
     14522        862        748          0        100       8676   Library Totals

    ----------------------------------------------------------------------

==============================================================================


      Code (inc. data)   RO Data    RW Data    ZI Data      Debug   

     26744       2318       1140        520       2144     365089   Grand Totals
     26744       2318       1140        144       2144     365089   ELF Image Totals (compressed)
     26744       2318       1140        144          0          0   ROM Totals

==============================================================================

    Total RO  Size (Code + RO Data)                27884 (  27.23kB)
    Total RW  Size (RW Data + ZI Data)              2664 (   2.60kB)
    Total ROM Size (Code + RO Data + RW Data)      28028 (  27.37kB)

==============================================================================

